Archive member included to satisfy reference by file (symbol)

/usr/lib/gcc/arm-none-eabi/10.3.1/thumb/v7-m/nofp/libgcc.a(_arm_mulsf3.o)
                              ./src/main.o (__aeabi_fmul)
/usr/lib/gcc/arm-none-eabi/10.3.1/thumb/v7-m/nofp/libgcc.a(_arm_addsubsf3.o)
                              ./src/DHT11.o (__aeabi_ui2f)
/usr/lib/gcc/arm-none-eabi/10.3.1/thumb/v7-m/nofp/libgcc.a(_arm_fixsfsi.o)
                              ./src/main.o (__aeabi_f2iz)
/usr/lib/gcc/arm-none-eabi/10.3.1/../../../arm-none-eabi/lib/thumb/v7-m/nofp/libg_nano.a(lib_a-errno.o)
                              ./system/src/newlib/sbrk.o (__errno)
/usr/lib/gcc/arm-none-eabi/10.3.1/../../../arm-none-eabi/lib/thumb/v7-m/nofp/libg_nano.a(lib_a-impure.o)
                              /usr/lib/gcc/arm-none-eabi/10.3.1/../../../arm-none-eabi/lib/thumb/v7-m/nofp/libg_nano.a(lib_a-errno.o) (_impure_ptr)
/usr/lib/gcc/arm-none-eabi/10.3.1/../../../arm-none-eabi/lib/thumb/v7-m/nofp/libg_nano.a(lib_a-memset.o)
                              ./src/main.o (memset)
/usr/lib/gcc/arm-none-eabi/10.3.1/../../../arm-none-eabi/lib/thumb/v7-m/nofp/libg_nano.a(lib_a-strlen-stub.o)
                              ./system/src/diag/trace.o (strlen)
/usr/lib/gcc/arm-none-eabi/10.3.1/../../../arm-none-eabi/lib/thumb/v7-m/nofp/libg_nano.a(lib_a-vsnprintf.o)
                              ./system/src/diag/trace.o (vsnprintf)
/usr/lib/gcc/arm-none-eabi/10.3.1/../../../arm-none-eabi/lib/thumb/v7-m/nofp/libg_nano.a(lib_a-nano-svfprintf.o)
                              /usr/lib/gcc/arm-none-eabi/10.3.1/../../../arm-none-eabi/lib/thumb/v7-m/nofp/libg_nano.a(lib_a-vsnprintf.o) (_svfprintf_r)
/usr/lib/gcc/arm-none-eabi/10.3.1/../../../arm-none-eabi/lib/thumb/v7-m/nofp/libg_nano.a(lib_a-nano-vfprintf_i.o)
                              /usr/lib/gcc/arm-none-eabi/10.3.1/../../../arm-none-eabi/lib/thumb/v7-m/nofp/libg_nano.a(lib_a-nano-svfprintf.o) (_printf_i)
/usr/lib/gcc/arm-none-eabi/10.3.1/../../../arm-none-eabi/lib/thumb/v7-m/nofp/libg_nano.a(lib_a-memchr-stub.o)
                              /usr/lib/gcc/arm-none-eabi/10.3.1/../../../arm-none-eabi/lib/thumb/v7-m/nofp/libg_nano.a(lib_a-nano-svfprintf.o) (memchr)
/usr/lib/gcc/arm-none-eabi/10.3.1/../../../arm-none-eabi/lib/thumb/v7-m/nofp/libg_nano.a(lib_a-memcpy.o)
                              /usr/lib/gcc/arm-none-eabi/10.3.1/../../../arm-none-eabi/lib/thumb/v7-m/nofp/libg_nano.a(lib_a-nano-svfprintf.o) (memcpy)
/usr/lib/gcc/arm-none-eabi/10.3.1/../../../arm-none-eabi/lib/thumb/v7-m/nofp/libg_nano.a(lib_a-memmove.o)
                              /usr/lib/gcc/arm-none-eabi/10.3.1/../../../arm-none-eabi/lib/thumb/v7-m/nofp/libg_nano.a(lib_a-nano-svfprintf.o) (memmove)
/usr/lib/gcc/arm-none-eabi/10.3.1/../../../arm-none-eabi/lib/thumb/v7-m/nofp/libg_nano.a(lib_a-nano-freer.o)
                              /usr/lib/gcc/arm-none-eabi/10.3.1/../../../arm-none-eabi/lib/thumb/v7-m/nofp/libg_nano.a(lib_a-nano-svfprintf.o) (_free_r)
/usr/lib/gcc/arm-none-eabi/10.3.1/../../../arm-none-eabi/lib/thumb/v7-m/nofp/libg_nano.a(lib_a-nano-mallocr.o)
                              /usr/lib/gcc/arm-none-eabi/10.3.1/../../../arm-none-eabi/lib/thumb/v7-m/nofp/libg_nano.a(lib_a-nano-svfprintf.o) (_malloc_r)
/usr/lib/gcc/arm-none-eabi/10.3.1/../../../arm-none-eabi/lib/thumb/v7-m/nofp/libg_nano.a(lib_a-nano-reallocr.o)
                              /usr/lib/gcc/arm-none-eabi/10.3.1/../../../arm-none-eabi/lib/thumb/v7-m/nofp/libg_nano.a(lib_a-nano-svfprintf.o) (_realloc_r)
/usr/lib/gcc/arm-none-eabi/10.3.1/../../../arm-none-eabi/lib/thumb/v7-m/nofp/libg_nano.a(lib_a-sbrkr.o)
                              /usr/lib/gcc/arm-none-eabi/10.3.1/../../../arm-none-eabi/lib/thumb/v7-m/nofp/libg_nano.a(lib_a-nano-mallocr.o) (_sbrk_r)
/usr/lib/gcc/arm-none-eabi/10.3.1/../../../arm-none-eabi/lib/thumb/v7-m/nofp/libg_nano.a(lib_a-mlock.o)
                              /usr/lib/gcc/arm-none-eabi/10.3.1/../../../arm-none-eabi/lib/thumb/v7-m/nofp/libg_nano.a(lib_a-nano-freer.o) (__malloc_lock)
/usr/lib/gcc/arm-none-eabi/10.3.1/../../../arm-none-eabi/lib/thumb/v7-m/nofp/libg_nano.a(lib_a-nano-msizer.o)
                              /usr/lib/gcc/arm-none-eabi/10.3.1/../../../arm-none-eabi/lib/thumb/v7-m/nofp/libg_nano.a(lib_a-nano-reallocr.o) (_malloc_usable_size_r)

Discarded input sections

 .group         0x0000000000000000        0xc ./system/src/stm32f1-hal/stm32f1xx_hal.o
 .group         0x0000000000000000        0xc ./system/src/stm32f1-hal/stm32f1xx_hal.o
 .group         0x0000000000000000        0xc ./system/src/stm32f1-hal/stm32f1xx_hal.o
 .group         0x0000000000000000        0xc ./system/src/stm32f1-hal/stm32f1xx_hal.o
 .group         0x0000000000000000        0xc ./system/src/stm32f1-hal/stm32f1xx_hal.o
 .group         0x0000000000000000        0xc ./system/src/stm32f1-hal/stm32f1xx_hal.o
 .group         0x0000000000000000        0xc ./system/src/stm32f1-hal/stm32f1xx_hal.o
[...]
Memory Configuration

Name             Origin             Length             Attributes
RAM              0x0000000020000000 0x0000000000005000 xrw
CCMRAM           0x0000000000000000 0x0000000000000000 xrw
FLASH            0x0000000008000000 0x0000000000020000 xr
FLASHB1          0x0000000000000000 0x0000000000000000 xr
EXTMEMB0         0x0000000000000000 0x0000000000000000 xr
EXTMEMB1         0x0000000000000000 0x0000000000000000 xr
EXTMEMB2         0x0000000000000000 0x0000000000000000 xr
EXTMEMB3         0x0000000000000000 0x0000000000000000 xr
MEMORY_ARRAY     0x0000000000000000 0x0000000000000000 xrw
*default*        0x0000000000000000 0xffffffffffffffff

Linker script and memory map

LOAD ./system/src/stm32f1-hal/stm32f1xx_hal.o
LOAD ./system/src/stm32f1-hal/stm32f1xx_hal_cortex.o
LOAD ./system/src/stm32f1-hal/stm32f1xx_hal_flash.o
LOAD ./system/src/stm32f1-hal/stm32f1xx_hal_flash_ex.o
LOAD ./system/src/stm32f1-hal/stm32f1xx_hal_gpio.o
LOAD ./system/src/stm32f1-hal/stm32f1xx_hal_gpio_ex.o
LOAD ./system/src/stm32f1-hal/stm32f1xx_hal_iwdg.o
LOAD ./system/src/stm32f1-hal/stm32f1xx_hal_pwr.o
LOAD ./system/src/stm32f1-hal/stm32f1xx_hal_rcc.o
LOAD ./system/src/newlib/assert.o
LOAD ./system/src/newlib/cxx.o
LOAD ./system/src/newlib/exit.o
LOAD ./system/src/newlib/sbrk.o
LOAD ./system/src/newlib/startup.o
LOAD ./system/src/newlib/syscalls.o
LOAD ./system/src/diag/trace-impl.o
LOAD ./system/src/diag/trace.o
LOAD ./system/src/cortexm/exception-handlers.o
LOAD ./system/src/cortexm/initialize-hardware.o
LOAD ./system/src/cortexm/reset-hardware.o
LOAD ./system/src/cmsis/system_stm32f1xx.o
LOAD ./system/src/cmsis/vectors_stm32f103xb.o
LOAD ./src/DHT11.o
LOAD ./src/LCD_4_Bits.o
LOAD ./src/initialize-hardware.o
LOAD ./src/led.o
LOAD ./src/main.o
LOAD ./src/stm32f1xx_hal_msp.o
LOAD ./src/timer.o
LOAD ./src/write.o
LOAD /usr/lib/gcc/arm-none-eabi/10.3.1/../../../arm-none-eabi/lib/thumb/v7-m/nofp/libstdc++_nano.a
LOAD /usr/lib/gcc/arm-none-eabi/10.3.1/../../../arm-none-eabi/lib/thumb/v7-m/nofp/libm.a
START GROUP
LOAD /usr/lib/gcc/arm-none-eabi/10.3.1/thumb/v7-m/nofp/libgcc.a
LOAD /usr/lib/gcc/arm-none-eabi/10.3.1/../../../arm-none-eabi/lib/thumb/v7-m/nofp/libg_nano.a
LOAD /usr/lib/gcc/arm-none-eabi/10.3.1/../../../arm-none-eabi/lib/thumb/v7-m/nofp/libc_nano.a
END GROUP
START GROUP
LOAD /usr/lib/gcc/arm-none-eabi/10.3.1/thumb/v7-m/nofp/libgcc.a
LOAD /usr/lib/gcc/arm-none-eabi/10.3.1/../../../arm-none-eabi/lib/thumb/v7-m/nofp/libc_nano.a
END GROUP
                0x0000000020005000                __stack = (ORIGIN (RAM) + LENGTH (RAM))
                0x0000000020005000                _estack = __stack
                0x0000000000000400                __Main_Stack_Size = 0x400
                [!provide]                        PROVIDE (_Main_Stack_Size = __Main_Stack_Size)
                0x0000000020004c00                __Main_Stack_Limit = (__stack - __Main_Stack_Size)
                [!provide]                        PROVIDE (_Main_Stack_Limit = __Main_Stack_Limit)
                0x0000000000000100                _Minimum_Stack_Size = 0x100
                0x00000000200001cc                PROVIDE (_Heap_Begin = _end_noinit)
                0x0000000020004c00                PROVIDE (_Heap_Limit = (__stack - __Main_Stack_Size))

.isr_vector     0x0000000008000000      0x330
 FILL mask 0xff
                0x0000000008000000                __vectors_start = ABSOLUTE (.)
                0x0000000008000000                __vectors_start__ = ABSOLUTE (.)
 *(.isr_vector)
 .isr_vector    0x0000000008000000       0xec ./system/src/cmsis/vectors_stm32f103xb.o
                0x0000000008000000                __isr_vectors
 *(.cfmconfig)
 *(.after_vectors .after_vectors.*)
 .after_vectors
                0x00000000080000ec      0x114 ./system/src/newlib/startup.o
                0x00000000080000ec                _start
 .after_vectors
                0x0000000008000200      0x12c ./system/src/cortexm/exception-handlers.o
                0x0000000008000200                Reset_Handler
                0x0000000008000206                NMI_Handler
                0x000000000800020a                HardFault_Handler
                0x000000000800021e                HardFault_Handler_C
                0x000000000800027c                MemManage_Handler
                0x0000000008000280                BusFault_Handler
                0x0000000008000294                BusFault_Handler_C
                0x00000000080002c8                UsageFault_Handler
                0x00000000080002dc                UsageFault_Handler_C
                0x0000000008000310                SVC_Handler
                0x0000000008000314                DebugMon_Handler
                0x0000000008000318                PendSV_Handler
 .after_vectors
                0x000000000800032c        0x4 ./system/src/cmsis/vectors_stm32f103xb.o
                0x000000000800032c                RTC_Alarm_IRQHandler
                0x000000000800032c                EXTI2_IRQHandler
                0x000000000800032c                TIM1_CC_IRQHandler
                0x000000000800032c                PVD_IRQHandler
                0x000000000800032c                EXTI3_IRQHandler
                0x000000000800032c                EXTI0_IRQHandler
                0x000000000800032c                I2C2_EV_IRQHandler
                0x000000000800032c                ADC1_2_IRQHandler
                0x000000000800032c                SPI1_IRQHandler
                0x000000000800032c                TAMPER_IRQHandler
                0x000000000800032c                DMA1_Channel4_IRQHandler
                0x000000000800032c                USART3_IRQHandler
                0x000000000800032c                RTC_IRQHandler
                0x000000000800032c                DMA1_Channel7_IRQHandler
                0x000000000800032c                CAN1_RX1_IRQHandler
                0x000000000800032c                TIM4_IRQHandler
                0x000000000800032c                I2C1_EV_IRQHandler
                0x000000000800032c                DMA1_Channel6_IRQHandler
                0x000000000800032c                TIM3_IRQHandler
                0x000000000800032c                RCC_IRQHandler
                0x000000000800032c                TIM1_TRG_COM_IRQHandler
                0x000000000800032c                DMA1_Channel1_IRQHandler
                0x000000000800032c                Default_Handler
                0x000000000800032c                EXTI15_10_IRQHandler
                0x000000000800032c                EXTI9_5_IRQHandler
                0x000000000800032c                SPI2_IRQHandler
                0x000000000800032c                DMA1_Channel5_IRQHandler
                0x000000000800032c                EXTI4_IRQHandler
                0x000000000800032c                USB_LP_CAN1_RX0_IRQHandler
                0x000000000800032c                USB_HP_CAN1_TX_IRQHandler
                0x000000000800032c                DMA1_Channel3_IRQHandler
                0x000000000800032c                TIM1_UP_IRQHandler
                0x000000000800032c                WWDG_IRQHandler
                0x000000000800032c                TIM2_IRQHandler
                0x000000000800032c                TIM1_BRK_IRQHandler
                0x000000000800032c                EXTI1_IRQHandler
                0x000000000800032c                USART2_IRQHandler
                0x000000000800032c                I2C2_ER_IRQHandler
                0x000000000800032c                DMA1_Channel2_IRQHandler
                0x000000000800032c                CAN1_SCE_IRQHandler
                0x000000000800032c                FLASH_IRQHandler
                0x000000000800032c                USART1_IRQHandler
                0x000000000800032c                I2C1_ER_IRQHandler
                0x000000000800032c                USBWakeUp_IRQHandler

.inits          0x0000000008000330       0x28
                0x0000000008000330                __data_regions_array_start = .
                0x0000000008000330        0x4 LONG 0x8002f0c LOADADDR (.data)
                0x0000000008000334        0x4 LONG 0x20000000 ADDR (.data)
                0x0000000008000338        0x4 LONG 0x20000080 (ADDR (.data) + SIZEOF (.data))
                0x000000000800033c        0x4 LONG 0x8002f0c LOADADDR (.data_CCMRAM)
                0x0000000008000340        0x4 LONG 0x0 ADDR (.data_CCMRAM)
                0x0000000008000344        0x4 LONG 0x0 (ADDR (.data_CCMRAM) + SIZEOF (.data_CCMRAM))
                0x0000000008000348                __data_regions_array_end = .
                0x0000000008000348                __bss_regions_array_start = .
                0x0000000008000348        0x4 LONG 0x20000080 ADDR (.bss)
                0x000000000800034c        0x4 LONG 0x200001cc (ADDR (.bss) + SIZEOF (.bss))
                0x0000000008000350        0x4 LONG 0x0 ADDR (.bss_CCMRAM)
                0x0000000008000354        0x4 LONG 0x0 (ADDR (.bss_CCMRAM) + SIZEOF (.bss_CCMRAM))
                0x0000000008000358                __bss_regions_array_end = .
 *(.init)
 *(.fini)
                0x0000000008000358                . = ALIGN (0x4)
                0x0000000008000358                PROVIDE (__preinit_array_start = .)
 *(.preinit_array_sysinit .preinit_array_sysinit.*)
 *(.preinit_array_platform .preinit_array_platform.*)
 *(.preinit_array .preinit_array.*)
                0x0000000008000358                PROVIDE (__preinit_array_end = .)
                0x0000000008000358                . = ALIGN (0x4)
                0x0000000008000358                PROVIDE (__init_array_start = .)
 *(SORT_BY_NAME(.init_array.*))
 *(.init_array)
                0x0000000008000358                PROVIDE (__init_array_end = .)
                0x0000000008000358                . = ALIGN (0x4)
                0x0000000008000358                PROVIDE (__fini_array_start = .)
 *(SORT_BY_NAME(.fini_array.*))
 *(.fini_array)
                0x0000000008000358                PROVIDE (__fini_array_end = .)

.flashtext
 *(.flashtext .flashtext.*)

.text           0x0000000008000358     0x2bb1
 *(.text .text.*)
 .text.HAL_InitTick
                0x0000000008000358       0x4c ./system/src/stm32f1-hal/stm32f1xx_hal.o
                0x0000000008000358                HAL_InitTick
 .text.HAL_Init
                0x00000000080003a4       0x24 ./system/src/stm32f1-hal/stm32f1xx_hal.o
                0x00000000080003a4                HAL_Init
 .text.HAL_IncTick
                0x00000000080003c8       0x18 ./system/src/stm32f1-hal/stm32f1xx_hal.o
                0x00000000080003c8                HAL_IncTick
 .text.HAL_GetTick
                0x00000000080003e0        0xc ./system/src/stm32f1-hal/stm32f1xx_hal.o
                0x00000000080003e0                HAL_GetTick
 .text.HAL_NVIC_SetPriorityGrouping
                0x00000000080003ec       0x3c ./system/src/stm32f1-hal/stm32f1xx_hal_cortex.o
                0x00000000080003ec                HAL_NVIC_SetPriorityGrouping
 .text.HAL_NVIC_SetPriority
                0x0000000008000428       0x8c ./system/src/stm32f1-hal/stm32f1xx_hal_cortex.o
                0x0000000008000428                HAL_NVIC_SetPriority
 .text.HAL_SYSTICK_Config
                0x00000000080004b4       0x28 ./system/src/stm32f1-hal/stm32f1xx_hal_cortex.o
                0x00000000080004b4                HAL_SYSTICK_Config
 .text.HAL_GPIO_Init
                0x00000000080004dc      0x368 ./system/src/stm32f1-hal/stm32f1xx_hal_gpio.o
                0x00000000080004dc                HAL_GPIO_Init
 .text.HAL_GPIO_ReadPin
                0x0000000008000844       0x28 ./system/src/stm32f1-hal/stm32f1xx_hal_gpio.o
                0x0000000008000844                HAL_GPIO_ReadPin
 .text.HAL_GPIO_WritePin
                0x000000000800086c       0x38 ./system/src/stm32f1-hal/stm32f1xx_hal_gpio.o
                0x000000000800086c                HAL_GPIO_WritePin
 .text.RCC_Delay
                0x00000000080008a4       0x2c ./system/src/stm32f1-hal/stm32f1xx_hal_rcc.o
 .text.HAL_RCC_OscConfig
                0x00000000080008d0      0x548 ./system/src/stm32f1-hal/stm32f1xx_hal_rcc.o
                0x00000000080008d0                HAL_RCC_OscConfig
 .text.HAL_RCC_GetSysClockFreq
                0x0000000008000e18       0x70 ./system/src/stm32f1-hal/stm32f1xx_hal_rcc.o
                0x0000000008000e18                HAL_RCC_GetSysClockFreq
 .text.HAL_RCC_ClockConfig
                0x0000000008000e88      0x228 ./system/src/stm32f1-hal/stm32f1xx_hal_rcc.o
                0x0000000008000e88                HAL_RCC_ClockConfig
 .text._exit    0x00000000080010b0        0x2 ./system/src/newlib/exit.o
                0x00000000080010b0                _exit
 *fill*         0x00000000080010b2        0x2 
 .text._sbrk    0x00000000080010b4       0x44 ./system/src/newlib/sbrk.o
                0x00000000080010b4                _sbrk
 .text.__initialize_args
                0x00000000080010f8       0x10 ./system/src/newlib/syscalls.o
                0x00000000080010f8                __initialize_args
 .text._trace_write_semihosting_debug
                0x0000000008001108       0x62 ./system/src/diag/trace-impl.o
 .text.trace_write
                0x000000000800116a        0x8 ./system/src/diag/trace-impl.o
                0x000000000800116a                trace_write
 *fill*         0x0000000008001172        0x2 
 .text.trace_printf
                0x0000000008001174       0x34 ./system/src/diag/trace.o
                0x0000000008001174                trace_printf
 .text.dumpExceptionStack
                0x00000000080011a8       0xf4 ./system/src/cortexm/exception-handlers.o
                0x00000000080011a8                dumpExceptionStack
 .text.isSemihosting
                0x000000000800129c       0x20 ./system/src/cortexm/exception-handlers.o
                0x000000000800129c                isSemihosting
 .text.__initialize_hardware_early
                0x00000000080012bc       0x18 ./system/src/cortexm/initialize-hardware.o
                0x00000000080012bc                __initialize_hardware_early
 .text.SystemInit
                0x00000000080012d4        0x2 ./system/src/cmsis/system_stm32f1xx.o
                0x00000000080012d4                SystemInit
 *fill*         0x00000000080012d6        0x2 
 .text.SystemCoreClockUpdate
                0x00000000080012d8       0x94 ./system/src/cmsis/system_stm32f1xx.o
                0x00000000080012d8                SystemCoreClockUpdate
 .text.Set_Pin_Output
                0x000000000800136c       0x24 ./src/DHT11.o
                0x000000000800136c                Set_Pin_Output
 .text.Set_Pin_Input
                0x0000000008001390       0x1c ./src/DHT11.o
                0x0000000008001390                Set_Pin_Input
 .text.DHT_Start
                0x00000000080013ac       0x3c ./src/DHT11.o
                0x00000000080013ac                DHT_Start
 .text.DHT_Check_Response
                0x00000000080013e8       0x40 ./src/DHT11.o
                0x00000000080013e8                DHT_Check_Response
 .text.DHT_Read
                0x0000000008001428       0x50 ./src/DHT11.o
                0x0000000008001428                DHT_Read
 .text.DHT_GetData
                0x0000000008001478       0x84 ./src/DHT11.o
                0x0000000008001478                DHT_GetData
 .text.GPIO_LCD_Init
                0x00000000080014fc       0x54 ./src/LCD_4_Bits.o
                0x00000000080014fc                GPIO_LCD_Init
 .text.GPIO_OUTPUT
                0x0000000008001550       0x14 ./src/LCD_4_Bits.o
                0x0000000008001550                GPIO_OUTPUT
 .text.LCD_Enable
                0x0000000008001564       0x20 ./src/LCD_4_Bits.o
                0x0000000008001564                LCD_Enable
 .text.LCD_Send4Bit
                0x0000000008001584       0x66 ./src/LCD_4_Bits.o
                0x0000000008001584                LCD_Send4Bit
 .text.LCD_SendCommand
                0x00000000080015ea       0x1a ./src/LCD_4_Bits.o
                0x00000000080015ea                LCD_SendCommand
 .text.LCD_Clear
                0x0000000008001604       0x10 ./src/LCD_4_Bits.o
                0x0000000008001604                LCD_Clear
 .text.LCD_Init
                0x0000000008001614       0x74 ./src/LCD_4_Bits.o
                0x0000000008001614                LCD_Init
 .text.LCD_Gotoxy
                0x0000000008001688       0x26 ./src/LCD_4_Bits.o
                0x0000000008001688                LCD_Gotoxy
 .text.LCD_PutChar
                0x00000000080016ae       0x20 ./src/LCD_4_Bits.o
                0x00000000080016ae                LCD_PutChar
 .text.LCD_Puts
                0x00000000080016ce       0x18 ./src/LCD_4_Bits.o
                0x00000000080016ce                LCD_Puts
 .text.__initialize_hardware
                0x00000000080016e6       0x10 ./src/initialize-hardware.o
                0x00000000080016e6                __initialize_hardware
 *fill*         0x00000000080016f6        0x2 
 .text.assert_failed
                0x00000000080016f8       0x14 ./src/initialize-hardware.o
                0x00000000080016f8                assert_failed
 .text.MX_GPIO_Init
                0x000000000800170c       0x44 ./src/main.o
 .text.delay_us
                0x0000000008001750       0x14 ./src/main.o
                0x0000000008001750                delay_us
 .text.delay_ms
                0x0000000008001764       0x14 ./src/main.o
                0x0000000008001764                delay_ms
 .text.GPIO_Init
                0x0000000008001778       0x4c ./src/main.o
                0x0000000008001778                GPIO_Init
 .text.Error_Handler
                0x00000000080017c4        0x4 ./src/main.o
                0x00000000080017c4                Error_Handler
 .text.MX_TIM2_Init
                0x00000000080017c8       0x68 ./src/main.o
 .text.MX_TIM4_Init
                0x0000000008001830       0x6c ./src/main.o
 .text.SystemClock_Config
                0x000000000800189c       0x60 ./src/main.o
                0x000000000800189c                SystemClock_Config
 .text.main     0x00000000080018fc      0x1a4 ./src/main.o
                0x00000000080018fc                main
 .text.HAL_MspInit
                0x0000000008001aa0        0x2 ./src/stm32f1xx_hal_msp.o
                0x0000000008001aa0                HAL_MspInit
 *fill*         0x0000000008001aa2        0x2 
 .text.timer_tick
                0x0000000008001aa4       0x14 ./src/timer.o
                0x0000000008001aa4                timer_tick
 .text.SysTick_Handler
                0x0000000008001ab8        0xc ./src/timer.o
                0x0000000008001ab8                SysTick_Handler
 .text          0x0000000008001ac4      0x168 /usr/lib/gcc/arm-none-eabi/10.3.1/thumb/v7-m/nofp/libgcc.a(_arm_mulsf3.o)
                0x0000000008001ac4                __mulsf3
                0x0000000008001ac4                __aeabi_fmul
 .text          0x0000000008001c2c      0x21c /usr/lib/gcc/arm-none-eabi/10.3.1/thumb/v7-m/nofp/libgcc.a(_arm_addsubsf3.o)
                0x0000000008001c2c                __aeabi_frsub
                0x0000000008001c34                __subsf3
                0x0000000008001c34                __aeabi_fsub
                0x0000000008001c38                __aeabi_fadd
                0x0000000008001c38                __addsf3
                0x0000000008001d98                __aeabi_ui2f
                0x0000000008001d98                __floatunsisf
                0x0000000008001da0                __aeabi_i2f
                0x0000000008001da0                __floatsisf
                0x0000000008001dbc                __floatundisf
                0x0000000008001dbc                __aeabi_ul2f
                0x0000000008001dcc                __floatdisf
                0x0000000008001dcc                __aeabi_l2f
 .text          0x0000000008001e48       0x4c /usr/lib/gcc/arm-none-eabi/10.3.1/thumb/v7-m/nofp/libgcc.a(_arm_fixsfsi.o)
                0x0000000008001e48                __fixsfsi
                0x0000000008001e48                __aeabi_f2iz
 .text          0x0000000008001e94        0xc /usr/lib/gcc/arm-none-eabi/10.3.1/../../../arm-none-eabi/lib/thumb/v7-m/nofp/libg_nano.a(lib_a-errno.o)
                0x0000000008001e94                __errno
 .text          0x0000000008001ea0       0xa4 /usr/lib/gcc/arm-none-eabi/10.3.1/../../../arm-none-eabi/lib/thumb/v7-m/nofp/libg_nano.a(lib_a-memset.o)
                0x0000000008001ea0                memset
 .text          0x0000000008001f44       0xd8 /usr/lib/gcc/arm-none-eabi/10.3.1/../../../arm-none-eabi/lib/thumb/v7-m/nofp/libg_nano.a(lib_a-vsnprintf.o)
                0x0000000008001f44                vsnprintf
                0x0000000008001f44                vsniprintf
                0x0000000008001fb0                _vsnprintf_r
                0x0000000008001fb0                _vsniprintf_r
 .text          0x000000000800201c      0x3f4 /usr/lib/gcc/arm-none-eabi/10.3.1/../../../arm-none-eabi/lib/thumb/v7-m/nofp/libg_nano.a(lib_a-nano-svfprintf.o)
                0x000000000800201c                __ssputs_r
                0x00000000080020e0                __ssprint_r
                0x00000000080021dc                _svfprintf_r
                0x00000000080021dc                _svfiprintf_r
 .text          0x0000000008002410      0x3d8 /usr/lib/gcc/arm-none-eabi/10.3.1/../../../arm-none-eabi/lib/thumb/v7-m/nofp/libg_nano.a(lib_a-nano-vfprintf_i.o)
                0x0000000008002410                _printf_common
                0x000000000800253c                _printf_i
 .text          0x00000000080027e8       0x90 /usr/lib/gcc/arm-none-eabi/10.3.1/../../../arm-none-eabi/lib/thumb/v7-m/nofp/libg_nano.a(lib_a-memchr-stub.o)
                0x00000000080027e8                memchr
 .text          0x0000000008002878       0xec /usr/lib/gcc/arm-none-eabi/10.3.1/../../../arm-none-eabi/lib/thumb/v7-m/nofp/libg_nano.a(lib_a-memcpy.o)
                0x0000000008002878                memcpy
 .text          0x0000000008002964       0xf8 /usr/lib/gcc/arm-none-eabi/10.3.1/../../../arm-none-eabi/lib/thumb/v7-m/nofp/libg_nano.a(lib_a-memmove.o)
                0x0000000008002964                memmove
 .text          0x0000000008002a5c       0xcc /usr/lib/gcc/arm-none-eabi/10.3.1/../../../arm-none-eabi/lib/thumb/v7-m/nofp/libg_nano.a(lib_a-nano-freer.o)
                0x0000000008002a5c                _free_r
 .text          0x0000000008002b28       0xb8 /usr/lib/gcc/arm-none-eabi/10.3.1/../../../arm-none-eabi/lib/thumb/v7-m/nofp/libg_nano.a(lib_a-nano-mallocr.o)
                0x0000000008002b28                _malloc_r
 .text          0x0000000008002be0       0x50 /usr/lib/gcc/arm-none-eabi/10.3.1/../../../arm-none-eabi/lib/thumb/v7-m/nofp/libg_nano.a(lib_a-nano-reallocr.o)
                0x0000000008002be0                _realloc_r
 .text          0x0000000008002c30       0x24 /usr/lib/gcc/arm-none-eabi/10.3.1/../../../arm-none-eabi/lib/thumb/v7-m/nofp/libg_nano.a(lib_a-sbrkr.o)
                0x0000000008002c30                _sbrk_r
 .text          0x0000000008002c54        0x8 /usr/lib/gcc/arm-none-eabi/10.3.1/../../../arm-none-eabi/lib/thumb/v7-m/nofp/libg_nano.a(lib_a-mlock.o)
                0x0000000008002c54                __malloc_lock
                0x0000000008002c58                __malloc_unlock
 .text          0x0000000008002c5c       0x14 /usr/lib/gcc/arm-none-eabi/10.3.1/../../../arm-none-eabi/lib/thumb/v7-m/nofp/libg_nano.a(lib_a-nano-msizer.o)
                0x0000000008002c5c                _malloc_usable_size_r
 *(.rodata .rodata.* .constdata .constdata.*)
 .rodata.HAL_NVIC_SetPriorityGrouping.str1.4
                0x0000000008002c70       0x31 ./system/src/stm32f1-hal/stm32f1xx_hal_cortex.o
 *fill*         0x0000000008002ca1        0x3 
 .rodata.HAL_GPIO_Init.str1.4
                0x0000000008002ca4       0x2f ./system/src/stm32f1-hal/stm32f1xx_hal_gpio.o
 *fill*         0x0000000008002cd3        0x1 
 .rodata.HAL_RCC_OscConfig.str1.4
                0x0000000008002cd4       0x2e ./system/src/stm32f1-hal/stm32f1xx_hal_rcc.o
 *fill*         0x0000000008002d02        0x2 
 .rodata.HAL_RCC_GetSysClockFreq.str1.4
                0x0000000008002d04       0x11 ./system/src/stm32f1-hal/stm32f1xx_hal_rcc.o
 *fill*         0x0000000008002d15        0x3 
 .rodata.dumpExceptionStack.str1.4
                0x0000000008002d18      0x11a ./system/src/cortexm/exception-handlers.o
 *fill*         0x0000000008002e32        0x2 
 .rodata.str1.4
                0x0000000008002e34       0x2a ./system/src/cortexm/exception-handlers.o
 *fill*         0x0000000008002e5e        0x2 
 .rodata.AHBPrescTable
                0x0000000008002e60       0x10 ./system/src/cmsis/system_stm32f1xx.o
                0x0000000008002e60                AHBPrescTable
 .rodata.assert_failed.str1.4
                0x0000000008002e70       0x2d ./src/initialize-hardware.o
 *fill*         0x0000000008002e9d        0x3 
 .rodata.main.str1.4
                0x0000000008002ea0       0x30 ./src/main.o
 .rodata.str1.4
                0x0000000008002ed0       0x13 /usr/lib/gcc/arm-none-eabi/10.3.1/../../../arm-none-eabi/lib/thumb/v7-m/nofp/libg_nano.a(lib_a-nano-svfprintf.o)
 *fill*         0x0000000008002ee3        0x1 
 .rodata.str1.4
                0x0000000008002ee4       0x25 /usr/lib/gcc/arm-none-eabi/10.3.1/../../../arm-none-eabi/lib/thumb/v7-m/nofp/libg_nano.a(lib_a-nano-vfprintf_i.o)
 *(vtable)
 *(.eh_frame*)
 *(.glue_7)
 .glue_7        0x0000000008002f09        0x0 linker stubs
 *(.glue_7t)
 .glue_7t       0x0000000008002f09        0x0 linker stubs

.vfp11_veneer   0x0000000008002f0c        0x0
 .vfp11_veneer  0x0000000008002f0c        0x0 linker stubs

.v4_bx          0x0000000008002f0c        0x0
 .v4_bx         0x0000000008002f0c        0x0 linker stubs

.iplt           0x0000000008002f0c        0x0
 .iplt          0x0000000008002f0c        0x0 ./system/src/stm32f1-hal/stm32f1xx_hal.o

.rel.dyn        0x0000000008002f0c        0x0
 .rel.iplt      0x0000000008002f0c        0x0 ./system/src/stm32f1-hal/stm32f1xx_hal.o

.ARM.extab
 *(.ARM.extab* .gnu.linkonce.armextab.*)
                0x0000000008002f0c                . = ALIGN (0x4)
                0x0000000008002f0c                __exidx_start = .

.ARM.exidx
 *(.ARM.exidx* .gnu.linkonce.armexidx.*)
                0x0000000008002f0c                __exidx_end = .
                0x0000000008002f0c                . = ALIGN (0x4)
                0x0000000008002f0c                _etext = .
                0x0000000008002f0c                __etext = .

.data_CCMRAM    0x0000000000000000        0x0 load address 0x0000000008002f0c
 FILL mask 0xff
 *(.data.CCMRAM .data.CCMRAM.*)
                0x0000000000000000                . = ALIGN (0x4)
                0x0000000008002f0c                _sidata = LOADADDR (.data)

.data           0x0000000020000000       0x80 load address 0x0000000008002f0c
 FILL mask 0xff
                0x0000000020000000                _sdata = .
                0x0000000020000000                __data_start__ = .
 *(.data_begin .data_begin.*)
 .data_begin    0x0000000020000000        0x4 ./system/src/newlib/startup.o
 *(.data .data.*)
 .data.uwTickFreq
                0x0000000020000004        0x1 ./system/src/stm32f1-hal/stm32f1xx_hal.o
                0x0000000020000004                uwTickFreq
 *fill*         0x0000000020000005        0x3 ff
 .data.uwTickPrio
                0x0000000020000008        0x4 ./system/src/stm32f1-hal/stm32f1xx_hal.o
                0x0000000020000008                uwTickPrio
 .data.argv.1   0x000000002000000c        0x8 ./system/src/newlib/syscalls.o
 .data.SystemCoreClock
                0x0000000020000014        0x4 ./system/src/cmsis/system_stm32f1xx.o
                0x0000000020000014                SystemCoreClock
 .data          0x0000000020000018       0x64 /usr/lib/gcc/arm-none-eabi/10.3.1/../../../arm-none-eabi/lib/thumb/v7-m/nofp/libg_nano.a(lib_a-impure.o)
                0x0000000020000018                _impure_ptr
 *(.data_end .data_end.*)
 .data_end      0x000000002000007c        0x4 ./system/src/newlib/startup.o
                0x0000000020000080                . = ALIGN (0x4)
                0x0000000020000080                _edata = .
                0x0000000020000080                __data_end__ = .

.igot.plt       0x0000000020000080        0x0 load address 0x0000000008002f8c
 .igot.plt      0x0000000020000080        0x0 ./system/src/stm32f1-hal/stm32f1xx_hal.o

.bss_CCMRAM     0x0000000000000000        0x0
 *(.bss.CCMRAM .bss.CCMRAM.*)

.bss            0x0000000020000080      0x14c
                0x0000000020000080                __bss_start__ = .
                0x0000000020000080                _sbss = .
 *(.bss_begin .bss_begin.*)
 .bss_begin     0x0000000020000080        0x4 ./system/src/newlib/startup.o
 *(.bss .bss.*)
 .bss.uwTick    0x0000000020000084        0x4 ./system/src/stm32f1-hal/stm32f1xx_hal.o
                0x0000000020000084                uwTick
 .bss.current_heap_end.0
                0x0000000020000088        0x4 ./system/src/newlib/sbrk.o
 .bss.errno     0x000000002000008c        0x4 ./system/src/newlib/syscalls.o
                0x000000002000008c                errno
 .bss.name.0    0x0000000020000090        0x1 ./system/src/newlib/syscalls.o
 *fill*         0x0000000020000091        0x3 
 .bss.buf.0     0x0000000020000094       0x80 ./system/src/diag/trace.o
 .bss.Presence  0x0000000020000114        0x1 ./src/DHT11.o
                0x0000000020000114                Presence
 .bss.Rh_byte1  0x0000000020000115        0x1 ./src/DHT11.o
                0x0000000020000115                Rh_byte1
 .bss.Rh_byte2  0x0000000020000116        0x1 ./src/DHT11.o
                0x0000000020000116                Rh_byte2
 *fill*         0x0000000020000117        0x1 
 .bss.SUM       0x0000000020000118        0x2 ./src/DHT11.o
                0x0000000020000118                SUM
 .bss.Temp_byte1
                0x000000002000011a        0x1 ./src/DHT11.o
                0x000000002000011a                Temp_byte1
 .bss.Temp_byte2
                0x000000002000011b        0x1 ./src/DHT11.o
                0x000000002000011b                Temp_byte2
 .bss.DHT_Data1
                0x000000002000011c        0x8 ./src/main.o
                0x000000002000011c                DHT_Data1
 .bss.htim2     0x0000000020000124       0x48 ./src/main.o
                0x0000000020000124                htim2
 .bss.htim4     0x000000002000016c       0x48 ./src/main.o
                0x000000002000016c                htim4
 .bss.m         0x00000000200001b4        0x4 ./src/main.o
                0x00000000200001b4                m
 .bss.n         0x00000000200001b8        0x4 ./src/main.o
                0x00000000200001b8                n
 .bss.timer_delayCount
                0x00000000200001bc        0x4 ./src/timer.o
                0x00000000200001bc                timer_delayCount
 .bss           0x00000000200001c0        0x8 /usr/lib/gcc/arm-none-eabi/10.3.1/../../../arm-none-eabi/lib/thumb/v7-m/nofp/libg_nano.a(lib_a-nano-mallocr.o)
                0x00000000200001c0                __malloc_free_list
                0x00000000200001c4                __malloc_sbrk_start
 *(COMMON)
 *(.bss_end .bss_end.*)
 .bss_end       0x00000000200001c8        0x4 ./system/src/newlib/startup.o
                0x00000000200001cc                . = ALIGN (0x4)
                0x00000000200001cc                __bss_end__ = .
                0x00000000200001cc                _ebss = .

.noinit_CCMRAM
 *(.noinit.CCMRAM .noinit.CCMRAM.*)

.noinit         0x00000000200001cc        0x0
                0x00000000200001cc                _noinit = .
 *(.noinit .noinit.*)
                0x00000000200001cc                . = ALIGN (0x4)
                0x00000000200001cc                _end_noinit = .
                [!provide]                        PROVIDE (end = _end_noinit)
                [!provide]                        PROVIDE (_end = _end_noinit)
                [!provide]                        PROVIDE (__end = _end_noinit)
                [!provide]                        PROVIDE (__end__ = _end_noinit)

._check_stack   0x00000000200001cc      0x100
                0x00000000200002cc                . = (. + _Minimum_Stack_Size)
 *fill*         0x00000000200001cc      0x100 

.b1text
 *(.b1text)
 *(.b1rodata)
 *(.b1rodata.*)

.eb0text
 *(.eb0text)
 *(.eb0rodata)
 *(.eb0rodata.*)

.eb1text
 *(.eb1text)
 *(.eb1rodata)
 *(.eb1rodata.*)

.eb2text
 *(.eb2text)
 *(.eb2rodata)
 *(.eb2rodata.*)

.eb3text
 *(.eb3text)
 *(.eb3rodata)
 *(.eb3rodata.*)

.stab
 *(.stab)

.stabstr
 *(.stabstr)

.stab.excl
 *(.stab.excl)

.stab.exclstr
 *(.stab.exclstr)

.stab.index
 *(.stab.index)

.stab.indexstr
 *(.stab.indexstr)

.comment        0x0000000000000000       0x33
 *(.comment)
 .comment       0x0000000000000000       0x33 ./system/src/stm32f1-hal/stm32f1xx_hal.o
                                         0x34 (size before relaxing)
 .comment       0x0000000000000033       0x34 ./system/src/stm32f1-hal/stm32f1xx_hal_cortex.o
 .comment       0x0000000000000033       0x34 ./system/src/stm32f1-hal/stm32f1xx_hal_gpio.o
 .comment       0x0000000000000033       0x34 ./system/src/stm32f1-hal/stm32f1xx_hal_rcc.o
 .comment       0x0000000000000033       0x34 ./system/src/newlib/exit.o
 .comment       0x0000000000000033       0x34 ./system/src/newlib/sbrk.o
 .comment       0x0000000000000033       0x34 ./system/src/newlib/startup.o
 .comment       0x0000000000000033       0x34 ./system/src/newlib/syscalls.o
 .comment       0x0000000000000033       0x34 ./system/src/diag/trace-impl.o
 .comment       0x0000000000000033       0x34 ./system/src/diag/trace.o
 .comment       0x0000000000000033       0x34 ./system/src/cortexm/exception-handlers.o
 .comment       0x0000000000000033       0x34 ./system/src/cortexm/initialize-hardware.o
 .comment       0x0000000000000033       0x34 ./system/src/cmsis/system_stm32f1xx.o
 .comment       0x0000000000000033       0x34 ./system/src/cmsis/vectors_stm32f103xb.o
 .comment       0x0000000000000033       0x34 ./src/DHT11.o
 .comment       0x0000000000000033       0x34 ./src/LCD_4_Bits.o
 .comment       0x0000000000000033       0x34 ./src/initialize-hardware.o
 .comment       0x0000000000000033       0x34 ./src/main.o
 .comment       0x0000000000000033       0x34 ./src/stm32f1xx_hal_msp.o
 .comment       0x0000000000000033       0x34 ./src/timer.o
 .comment       0x0000000000000033       0x34 /usr/lib/gcc/arm-none-eabi/10.3.1/../../../arm-none-eabi/lib/thumb/v7-m/nofp/libg_nano.a(lib_a-errno.o)
 .comment       0x0000000000000033       0x34 /usr/lib/gcc/arm-none-eabi/10.3.1/../../../arm-none-eabi/lib/thumb/v7-m/nofp/libg_nano.a(lib_a-impure.o)
 .comment       0x0000000000000033       0x34 /usr/lib/gcc/arm-none-eabi/10.3.1/../../../arm-none-eabi/lib/thumb/v7-m/nofp/libg_nano.a(lib_a-memset.o)
 .comment       0x0000000000000033       0x34 /usr/lib/gcc/arm-none-eabi/10.3.1/../../../arm-none-eabi/lib/thumb/v7-m/nofp/libg_nano.a(lib_a-vsnprintf.o)
 .comment       0x0000000000000033       0x34 /usr/lib/gcc/arm-none-eabi/10.3.1/../../../arm-none-eabi/lib/thumb/v7-m/nofp/libg_nano.a(lib_a-nano-svfprintf.o)
 .comment       0x0000000000000033       0x34 /usr/lib/gcc/arm-none-eabi/10.3.1/../../../arm-none-eabi/lib/thumb/v7-m/nofp/libg_nano.a(lib_a-nano-vfprintf_i.o)
 .comment       0x0000000000000033       0x34 /usr/lib/gcc/arm-none-eabi/10.3.1/../../../arm-none-eabi/lib/thumb/v7-m/nofp/libg_nano.a(lib_a-memchr-stub.o)
 .comment       0x0000000000000033       0x34 /usr/lib/gcc/arm-none-eabi/10.3.1/../../../arm-none-eabi/lib/thumb/v7-m/nofp/libg_nano.a(lib_a-memmove.o)
 .comment       0x0000000000000033       0x34 /usr/lib/gcc/arm-none-eabi/10.3.1/../../../arm-none-eabi/lib/thumb/v7-m/nofp/libg_nano.a(lib_a-nano-freer.o)
 .comment       0x0000000000000033       0x34 /usr/lib/gcc/arm-none-eabi/10.3.1/../../../arm-none-eabi/lib/thumb/v7-m/nofp/libg_nano.a(lib_a-nano-mallocr.o)
 .comment       0x0000000000000033       0x34 /usr/lib/gcc/arm-none-eabi/10.3.1/../../../arm-none-eabi/lib/thumb/v7-m/nofp/libg_nano.a(lib_a-nano-reallocr.o)
 .comment       0x0000000000000033       0x34 /usr/lib/gcc/arm-none-eabi/10.3.1/../../../arm-none-eabi/lib/thumb/v7-m/nofp/libg_nano.a(lib_a-sbrkr.o)
 .comment       0x0000000000000033       0x34 /usr/lib/gcc/arm-none-eabi/10.3.1/../../../arm-none-eabi/lib/thumb/v7-m/nofp/libg_nano.a(lib_a-mlock.o)
 .comment       0x0000000000000033       0x34 /usr/lib/gcc/arm-none-eabi/10.3.1/../../../arm-none-eabi/lib/thumb/v7-m/nofp/libg_nano.a(lib_a-nano-msizer.o)

.ARM.attributes
                0x0000000000000000       0x2b
 .ARM.attributes
                0x0000000000000000       0x2d ./system/src/stm32f1-hal/stm32f1xx_hal.o
 .ARM.attributes
                0x000000000000002d       0x2d ./system/src/stm32f1-hal/stm32f1xx_hal_cortex.o
 .ARM.attributes
                0x000000000000005a       0x2d ./system/src/stm32f1-hal/stm32f1xx_hal_gpio.o
 .ARM.attributes
                0x0000000000000087       0x2d ./system/src/stm32f1-hal/stm32f1xx_hal_rcc.o
 .ARM.attributes
                0x00000000000000b4       0x2d ./system/src/newlib/exit.o
 .ARM.attributes
                0x00000000000000e1       0x2d ./system/src/newlib/sbrk.o
 .ARM.attributes
                0x000000000000010e       0x2d ./system/src/newlib/startup.o
 .ARM.attributes
                0x000000000000013b       0x2d ./system/src/newlib/syscalls.o
 .ARM.attributes
                0x0000000000000168       0x2d ./system/src/diag/trace-impl.o
 .ARM.attributes
                0x0000000000000195       0x2d ./system/src/diag/trace.o
 .ARM.attributes
                0x00000000000001c2       0x2d ./system/src/cortexm/exception-handlers.o
 .ARM.attributes
                0x00000000000001ef       0x2d ./system/src/cortexm/initialize-hardware.o
 .ARM.attributes
                0x000000000000021c       0x2d ./system/src/cmsis/system_stm32f1xx.o
 .ARM.attributes
                0x0000000000000249       0x2d ./system/src/cmsis/vectors_stm32f103xb.o
 .ARM.attributes
                0x0000000000000276       0x2d ./src/DHT11.o
 .ARM.attributes
                0x00000000000002a3       0x2d ./src/LCD_4_Bits.o
 .ARM.attributes
                0x00000000000002d0       0x2d ./src/initialize-hardware.o
 .ARM.attributes
                0x00000000000002fd       0x2d ./src/main.o
 .ARM.attributes
                0x000000000000032a       0x2d ./src/stm32f1xx_hal_msp.o
 .ARM.attributes
                0x0000000000000357       0x2d ./src/timer.o
 .ARM.attributes
                0x0000000000000384       0x1d /usr/lib/gcc/arm-none-eabi/10.3.1/thumb/v7-m/nofp/libgcc.a(_arm_mulsf3.o)
 .ARM.attributes
                0x00000000000003a1       0x1d /usr/lib/gcc/arm-none-eabi/10.3.1/thumb/v7-m/nofp/libgcc.a(_arm_addsubsf3.o)
 .ARM.attributes
                0x00000000000003be       0x1d /usr/lib/gcc/arm-none-eabi/10.3.1/thumb/v7-m/nofp/libgcc.a(_arm_fixsfsi.o)
 .ARM.attributes
                0x00000000000003db       0x2d /usr/lib/gcc/arm-none-eabi/10.3.1/../../../arm-none-eabi/lib/thumb/v7-m/nofp/libg_nano.a(lib_a-errno.o)
 .ARM.attributes
                0x0000000000000408       0x2d /usr/lib/gcc/arm-none-eabi/10.3.1/../../../arm-none-eabi/lib/thumb/v7-m/nofp/libg_nano.a(lib_a-impure.o)
 .ARM.attributes
                0x0000000000000435       0x2d /usr/lib/gcc/arm-none-eabi/10.3.1/../../../arm-none-eabi/lib/thumb/v7-m/nofp/libg_nano.a(lib_a-memset.o)
 .ARM.attributes
                0x0000000000000462       0x2d /usr/lib/gcc/arm-none-eabi/10.3.1/../../../arm-none-eabi/lib/thumb/v7-m/nofp/libg_nano.a(lib_a-vsnprintf.o)
 .ARM.attributes
                0x000000000000048f       0x2d /usr/lib/gcc/arm-none-eabi/10.3.1/../../../arm-none-eabi/lib/thumb/v7-m/nofp/libg_nano.a(lib_a-nano-svfprintf.o)
 .ARM.attributes
                0x00000000000004bc       0x2d /usr/lib/gcc/arm-none-eabi/10.3.1/../../../arm-none-eabi/lib/thumb/v7-m/nofp/libg_nano.a(lib_a-nano-vfprintf_i.o)
 .ARM.attributes
                0x00000000000004e9       0x2d /usr/lib/gcc/arm-none-eabi/10.3.1/../../../arm-none-eabi/lib/thumb/v7-m/nofp/libg_nano.a(lib_a-memchr-stub.o)
 .ARM.attributes
                0x0000000000000516       0x1b /usr/lib/gcc/arm-none-eabi/10.3.1/../../../arm-none-eabi/lib/thumb/v7-m/nofp/libg_nano.a(lib_a-memcpy.o)
 .ARM.attributes
                0x0000000000000531       0x2d /usr/lib/gcc/arm-none-eabi/10.3.1/../../../arm-none-eabi/lib/thumb/v7-m/nofp/libg_nano.a(lib_a-memmove.o)
 .ARM.attributes
                0x000000000000055e       0x2d /usr/lib/gcc/arm-none-eabi/10.3.1/../../../arm-none-eabi/lib/thumb/v7-m/nofp/libg_nano.a(lib_a-nano-freer.o)
 .ARM.attributes
                0x000000000000058b       0x2d /usr/lib/gcc/arm-none-eabi/10.3.1/../../../arm-none-eabi/lib/thumb/v7-m/nofp/libg_nano.a(lib_a-nano-mallocr.o)
 .ARM.attributes
                0x00000000000005b8       0x2d /usr/lib/gcc/arm-none-eabi/10.3.1/../../../arm-none-eabi/lib/thumb/v7-m/nofp/libg_nano.a(lib_a-nano-reallocr.o)
 .ARM.attributes
                0x00000000000005e5       0x2d /usr/lib/gcc/arm-none-eabi/10.3.1/../../../arm-none-eabi/lib/thumb/v7-m/nofp/libg_nano.a(lib_a-sbrkr.o)
 .ARM.attributes
                0x0000000000000612       0x2d /usr/lib/gcc/arm-none-eabi/10.3.1/../../../arm-none-eabi/lib/thumb/v7-m/nofp/libg_nano.a(lib_a-mlock.o)
 .ARM.attributes
                0x000000000000063f       0x2d /usr/lib/gcc/arm-none-eabi/10.3.1/../../../arm-none-eabi/lib/thumb/v7-m/nofp/libg_nano.a(lib_a-nano-msizer.o)

.debug
 *(.debug)

.line
 *(.line)

.debug_srcinfo
 *(.debug_srcinfo)

.debug_sfnames
 *(.debug_sfnames)

.debug_aranges  0x0000000000000000      0x868
 *(.debug_aranges)
 .debug_aranges
                0x0000000000000000       0xe0 ./system/src/stm32f1-hal/stm32f1xx_hal.o
 .debug_aranges
                0x00000000000000e0       0x90 ./system/src/stm32f1-hal/stm32f1xx_hal_cortex.o
 .debug_aranges
                0x0000000000000170       0x58 ./system/src/stm32f1-hal/stm32f1xx_hal_gpio.o
 .debug_aranges
                0x00000000000001c8       0x90 ./system/src/stm32f1-hal/stm32f1xx_hal_rcc.o
 .debug_aranges
                0x0000000000000258       0x28 ./system/src/newlib/exit.o
 .debug_aranges
                0x0000000000000280       0x20 ./system/src/newlib/sbrk.o
 .debug_aranges
                0x00000000000002a0       0x40 ./system/src/newlib/startup.o
 .debug_aranges
                0x00000000000002e0       0x30 ./system/src/newlib/syscalls.o
 .debug_aranges
                0x0000000000000310       0x30 ./system/src/diag/trace-impl.o
 .debug_aranges
                0x0000000000000340       0x38 ./system/src/diag/trace.o
 .debug_aranges
                0x0000000000000378       0x90 ./system/src/cortexm/exception-handlers.o
 .debug_aranges
                0x0000000000000408       0x28 ./system/src/cortexm/initialize-hardware.o
 .debug_aranges
                0x0000000000000430       0x28 ./system/src/cmsis/system_stm32f1xx.o
 .debug_aranges
                0x0000000000000458       0x20 ./system/src/cmsis/vectors_stm32f103xb.o
 .debug_aranges
                0x0000000000000478       0x48 ./src/DHT11.o
 .debug_aranges
                0x00000000000004c0       0x68 ./src/LCD_4_Bits.o
 .debug_aranges
                0x0000000000000528       0x30 ./src/initialize-hardware.o
 .debug_aranges
                0x0000000000000558       0x68 ./src/main.o
 .debug_aranges
                0x00000000000005c0       0x38 ./src/stm32f1xx_hal_msp.o
 .debug_aranges
                0x00000000000005f8       0x38 ./src/timer.o
 .debug_aranges
                0x0000000000000630       0x20 /usr/lib/gcc/arm-none-eabi/10.3.1/thumb/v7-m/nofp/libgcc.a(_arm_mulsf3.o)
 .debug_aranges
                0x0000000000000650       0x20 /usr/lib/gcc/arm-none-eabi/10.3.1/thumb/v7-m/nofp/libgcc.a(_arm_addsubsf3.o)
 .debug_aranges
                0x0000000000000670       0x20 /usr/lib/gcc/arm-none-eabi/10.3.1/thumb/v7-m/nofp/libgcc.a(_arm_fixsfsi.o)
 .debug_aranges
                0x0000000000000690       0x20 /usr/lib/gcc/arm-none-eabi/10.3.1/../../../arm-none-eabi/lib/thumb/v7-m/nofp/libg_nano.a(lib_a-errno.o)
 .debug_aranges
                0x00000000000006b0       0x18 /usr/lib/gcc/arm-none-eabi/10.3.1/../../../arm-none-eabi/lib/thumb/v7-m/nofp/libg_nano.a(lib_a-impure.o)
 .debug_aranges
                0x00000000000006c8       0x20 /usr/lib/gcc/arm-none-eabi/10.3.1/../../../arm-none-eabi/lib/thumb/v7-m/nofp/libg_nano.a(lib_a-memset.o)
 .debug_aranges
                0x00000000000006e8       0x20 /usr/lib/gcc/arm-none-eabi/10.3.1/../../../arm-none-eabi/lib/thumb/v7-m/nofp/libg_nano.a(lib_a-vsnprintf.o)
 .debug_aranges
                0x0000000000000708       0x20 /usr/lib/gcc/arm-none-eabi/10.3.1/../../../arm-none-eabi/lib/thumb/v7-m/nofp/libg_nano.a(lib_a-nano-svfprintf.o)
 .debug_aranges
                0x0000000000000728       0x20 /usr/lib/gcc/arm-none-eabi/10.3.1/../../../arm-none-eabi/lib/thumb/v7-m/nofp/libg_nano.a(lib_a-nano-vfprintf_i.o)
 .debug_aranges
                0x0000000000000748       0x20 /usr/lib/gcc/arm-none-eabi/10.3.1/../../../arm-none-eabi/lib/thumb/v7-m/nofp/libg_nano.a(lib_a-memchr-stub.o)
 .debug_aranges
                0x0000000000000768       0x20 /usr/lib/gcc/arm-none-eabi/10.3.1/../../../arm-none-eabi/lib/thumb/v7-m/nofp/libg_nano.a(lib_a-memcpy.o)
 .debug_aranges
                0x0000000000000788       0x20 /usr/lib/gcc/arm-none-eabi/10.3.1/../../../arm-none-eabi/lib/thumb/v7-m/nofp/libg_nano.a(lib_a-memmove.o)
 .debug_aranges
                0x00000000000007a8       0x20 /usr/lib/gcc/arm-none-eabi/10.3.1/../../../arm-none-eabi/lib/thumb/v7-m/nofp/libg_nano.a(lib_a-nano-freer.o)
 .debug_aranges
                0x00000000000007c8       0x20 /usr/lib/gcc/arm-none-eabi/10.3.1/../../../arm-none-eabi/lib/thumb/v7-m/nofp/libg_nano.a(lib_a-nano-mallocr.o)
 .debug_aranges
                0x00000000000007e8       0x20 /usr/lib/gcc/arm-none-eabi/10.3.1/../../../arm-none-eabi/lib/thumb/v7-m/nofp/libg_nano.a(lib_a-nano-reallocr.o)
 .debug_aranges
                0x0000000000000808       0x20 /usr/lib/gcc/arm-none-eabi/10.3.1/../../../arm-none-eabi/lib/thumb/v7-m/nofp/libg_nano.a(lib_a-sbrkr.o)
 .debug_aranges
                0x0000000000000828       0x20 /usr/lib/gcc/arm-none-eabi/10.3.1/../../../arm-none-eabi/lib/thumb/v7-m/nofp/libg_nano.a(lib_a-mlock.o)
 .debug_aranges
                0x0000000000000848       0x20 /usr/lib/gcc/arm-none-eabi/10.3.1/../../../arm-none-eabi/lib/thumb/v7-m/nofp/libg_nano.a(lib_a-nano-msizer.o)

.debug_pubnames
 *(.debug_pubnames)

.debug_info     0x0000000000000000     0xe2e9
 *(.debug_info .gnu.linkonce.wi.*)
 .debug_info    0x0000000000000000      0x7d7 ./system/src/stm32f1-hal/stm32f1xx_hal.o
 .debug_info    0x00000000000007d7      0xec8 ./system/src/stm32f1-hal/stm32f1xx_hal_cortex.o
 .debug_info    0x000000000000169f      0x88b ./system/src/stm32f1-hal/stm32f1xx_hal_gpio.o
 .debug_info    0x0000000000001f2a      0xcbd ./system/src/stm32f1-hal/stm32f1xx_hal_rcc.o
 .debug_info    0x0000000000002be7       0xf2 ./system/src/newlib/exit.o
 .debug_info    0x0000000000002cd9      0x112 ./system/src/newlib/sbrk.o
 .debug_info    0x0000000000002deb      0x4ae ./system/src/newlib/startup.o
 .debug_info    0x0000000000003299      0x1d5 ./system/src/newlib/syscalls.o
 .debug_info    0x000000000000346e      0x320 ./system/src/diag/trace-impl.o
 .debug_info    0x000000000000378e      0x30b ./system/src/diag/trace.o
 .debug_info    0x0000000000003a99      0x968 ./system/src/cortexm/exception-handlers.o
 .debug_info    0x0000000000004401      0x2b3 ./system/src/cortexm/initialize-hardware.o
 .debug_info    0x00000000000046b4      0x234 ./system/src/cmsis/system_stm32f1xx.o
 .debug_info    0x00000000000048e8       0xcd ./system/src/cmsis/vectors_stm32f103xb.o
 .debug_info    0x00000000000049b5      0x5aa ./src/DHT11.o
 .debug_info    0x0000000000004f5f      0x789 ./src/LCD_4_Bits.o
 .debug_info    0x00000000000056e8      0x1b2 ./src/initialize-hardware.o
 .debug_info    0x000000000000589a     0x107c ./src/main.o
 .debug_info    0x0000000000006916       0xbf ./src/stm32f1xx_hal_msp.o
 .debug_info    0x00000000000069d5      0x687 ./src/timer.o
 .debug_info    0x000000000000705c       0x26 /usr/lib/gcc/arm-none-eabi/10.3.1/thumb/v7-m/nofp/libgcc.a(_arm_mulsf3.o)
 .debug_info    0x0000000000007082       0x26 /usr/lib/gcc/arm-none-eabi/10.3.1/thumb/v7-m/nofp/libgcc.a(_arm_addsubsf3.o)
 .debug_info    0x00000000000070a8       0x26 /usr/lib/gcc/arm-none-eabi/10.3.1/thumb/v7-m/nofp/libgcc.a(_arm_fixsfsi.o)
 .debug_info    0x00000000000070ce      0x7ae /usr/lib/gcc/arm-none-eabi/10.3.1/../../../arm-none-eabi/lib/thumb/v7-m/nofp/libg_nano.a(lib_a-errno.o)
 .debug_info    0x000000000000787c      0x863 /usr/lib/gcc/arm-none-eabi/10.3.1/../../../arm-none-eabi/lib/thumb/v7-m/nofp/libg_nano.a(lib_a-impure.o)
 .debug_info    0x00000000000080df      0x137 /usr/lib/gcc/arm-none-eabi/10.3.1/../../../arm-none-eabi/lib/thumb/v7-m/nofp/libg_nano.a(lib_a-memset.o)
 .debug_info    0x0000000000008216      0x9f9 /usr/lib/gcc/arm-none-eabi/10.3.1/../../../arm-none-eabi/lib/thumb/v7-m/nofp/libg_nano.a(lib_a-vsnprintf.o)
 .debug_info    0x0000000000008c0f     0x10d5 /usr/lib/gcc/arm-none-eabi/10.3.1/../../../arm-none-eabi/lib/thumb/v7-m/nofp/libg_nano.a(lib_a-nano-svfprintf.o)
 .debug_info    0x0000000000009ce4      0xe9e /usr/lib/gcc/arm-none-eabi/10.3.1/../../../arm-none-eabi/lib/thumb/v7-m/nofp/libg_nano.a(lib_a-nano-vfprintf_i.o)
 .debug_info    0x000000000000ab82      0x14e /usr/lib/gcc/arm-none-eabi/10.3.1/../../../arm-none-eabi/lib/thumb/v7-m/nofp/libg_nano.a(lib_a-memchr-stub.o)
 .debug_info    0x000000000000acd0       0x26 /usr/lib/gcc/arm-none-eabi/10.3.1/../../../arm-none-eabi/lib/thumb/v7-m/nofp/libg_nano.a(lib_a-memcpy.o)
 .debug_info    0x000000000000acf6      0x152 /usr/lib/gcc/arm-none-eabi/10.3.1/../../../arm-none-eabi/lib/thumb/v7-m/nofp/libg_nano.a(lib_a-memmove.o)
 .debug_info    0x000000000000ae48      0x940 /usr/lib/gcc/arm-none-eabi/10.3.1/../../../arm-none-eabi/lib/thumb/v7-m/nofp/libg_nano.a(lib_a-nano-freer.o)
 .debug_info    0x000000000000b788      0xa0c /usr/lib/gcc/arm-none-eabi/10.3.1/../../../arm-none-eabi/lib/thumb/v7-m/nofp/libg_nano.a(lib_a-nano-mallocr.o)
 .debug_info    0x000000000000c194      0x911 /usr/lib/gcc/arm-none-eabi/10.3.1/../../../arm-none-eabi/lib/thumb/v7-m/nofp/libg_nano.a(lib_a-nano-reallocr.o)
 .debug_info    0x000000000000caa5      0x828 /usr/lib/gcc/arm-none-eabi/10.3.1/../../../arm-none-eabi/lib/thumb/v7-m/nofp/libg_nano.a(lib_a-sbrkr.o)
 .debug_info    0x000000000000d2cd      0x7dc /usr/lib/gcc/arm-none-eabi/10.3.1/../../../arm-none-eabi/lib/thumb/v7-m/nofp/libg_nano.a(lib_a-mlock.o)
 .debug_info    0x000000000000daa9      0x840 /usr/lib/gcc/arm-none-eabi/10.3.1/../../../arm-none-eabi/lib/thumb/v7-m/nofp/libg_nano.a(lib_a-nano-msizer.o)

.debug_abbrev   0x0000000000000000     0x3823
 *(.debug_abbrev)
 .debug_abbrev  0x0000000000000000      0x1f7 ./system/src/stm32f1-hal/stm32f1xx_hal.o
 .debug_abbrev  0x00000000000001f7      0x361 ./system/src/stm32f1-hal/stm32f1xx_hal_cortex.o
 .debug_abbrev  0x0000000000000558      0x225 ./system/src/stm32f1-hal/stm32f1xx_hal_gpio.o
 .debug_abbrev  0x000000000000077d      0x27d ./system/src/stm32f1-hal/stm32f1xx_hal_rcc.o
 .debug_abbrev  0x00000000000009fa       0x97 ./system/src/newlib/exit.o
 .debug_abbrev  0x0000000000000a91       0xcd ./system/src/newlib/sbrk.o
 .debug_abbrev  0x0000000000000b5e      0x1b1 ./system/src/newlib/startup.o
 .debug_abbrev  0x0000000000000d0f      0x10e ./system/src/newlib/syscalls.o
 .debug_abbrev  0x0000000000000e1d      0x1eb ./system/src/diag/trace-impl.o
 .debug_abbrev  0x0000000000001008      0x173 ./system/src/diag/trace.o
 .debug_abbrev  0x000000000000117b      0x267 ./system/src/cortexm/exception-handlers.o
 .debug_abbrev  0x00000000000013e2       0xe9 ./system/src/cortexm/initialize-hardware.o
 .debug_abbrev  0x00000000000014cb      0x141 ./system/src/cmsis/system_stm32f1xx.o
 .debug_abbrev  0x000000000000160c       0xa5 ./system/src/cmsis/vectors_stm32f103xb.o
 .debug_abbrev  0x00000000000016b1      0x1d5 ./src/DHT11.o
 .debug_abbrev  0x0000000000001886      0x173 ./src/LCD_4_Bits.o
 .debug_abbrev  0x00000000000019f9       0xbd ./src/initialize-hardware.o
 .debug_abbrev  0x0000000000001ab6      0x2b7 ./src/main.o
 .debug_abbrev  0x0000000000001d6d       0x47 ./src/stm32f1xx_hal_msp.o
 .debug_abbrev  0x0000000000001db4      0x1f1 ./src/timer.o
 .debug_abbrev  0x0000000000001fa5       0x14 /usr/lib/gcc/arm-none-eabi/10.3.1/thumb/v7-m/nofp/libgcc.a(_arm_mulsf3.o)
 .debug_abbrev  0x0000000000001fb9       0x14 /usr/lib/gcc/arm-none-eabi/10.3.1/thumb/v7-m/nofp/libgcc.a(_arm_addsubsf3.o)
 .debug_abbrev  0x0000000000001fcd       0x14 /usr/lib/gcc/arm-none-eabi/10.3.1/thumb/v7-m/nofp/libgcc.a(_arm_fixsfsi.o)
 .debug_abbrev  0x0000000000001fe1      0x157 /usr/lib/gcc/arm-none-eabi/10.3.1/../../../arm-none-eabi/lib/thumb/v7-m/nofp/libg_nano.a(lib_a-errno.o)
 .debug_abbrev  0x0000000000002138      0x151 /usr/lib/gcc/arm-none-eabi/10.3.1/../../../arm-none-eabi/lib/thumb/v7-m/nofp/libg_nano.a(lib_a-impure.o)
 .debug_abbrev  0x0000000000002289       0xb4 /usr/lib/gcc/arm-none-eabi/10.3.1/../../../arm-none-eabi/lib/thumb/v7-m/nofp/libg_nano.a(lib_a-memset.o)
 .debug_abbrev  0x000000000000233d      0x27d /usr/lib/gcc/arm-none-eabi/10.3.1/../../../arm-none-eabi/lib/thumb/v7-m/nofp/libg_nano.a(lib_a-vsnprintf.o)
 .debug_abbrev  0x00000000000025ba      0x2ca /usr/lib/gcc/arm-none-eabi/10.3.1/../../../arm-none-eabi/lib/thumb/v7-m/nofp/libg_nano.a(lib_a-nano-svfprintf.o)
 .debug_abbrev  0x0000000000002884      0x25c /usr/lib/gcc/arm-none-eabi/10.3.1/../../../arm-none-eabi/lib/thumb/v7-m/nofp/libg_nano.a(lib_a-nano-vfprintf_i.o)
 .debug_abbrev  0x0000000000002ae0       0xd4 /usr/lib/gcc/arm-none-eabi/10.3.1/../../../arm-none-eabi/lib/thumb/v7-m/nofp/libg_nano.a(lib_a-memchr-stub.o)
 .debug_abbrev  0x0000000000002bb4       0x14 /usr/lib/gcc/arm-none-eabi/10.3.1/../../../arm-none-eabi/lib/thumb/v7-m/nofp/libg_nano.a(lib_a-memcpy.o)
 .debug_abbrev  0x0000000000002bc8       0xc0 /usr/lib/gcc/arm-none-eabi/10.3.1/../../../arm-none-eabi/lib/thumb/v7-m/nofp/libg_nano.a(lib_a-memmove.o)
 .debug_abbrev  0x0000000000002c88      0x245 /usr/lib/gcc/arm-none-eabi/10.3.1/../../../arm-none-eabi/lib/thumb/v7-m/nofp/libg_nano.a(lib_a-nano-freer.o)
 .debug_abbrev  0x0000000000002ecd      0x290 /usr/lib/gcc/arm-none-eabi/10.3.1/../../../arm-none-eabi/lib/thumb/v7-m/nofp/libg_nano.a(lib_a-nano-mallocr.o)
 .debug_abbrev  0x000000000000315d      0x1d6 /usr/lib/gcc/arm-none-eabi/10.3.1/../../../arm-none-eabi/lib/thumb/v7-m/nofp/libg_nano.a(lib_a-nano-reallocr.o)
 .debug_abbrev  0x0000000000003333      0x1d6 /usr/lib/gcc/arm-none-eabi/10.3.1/../../../arm-none-eabi/lib/thumb/v7-m/nofp/libg_nano.a(lib_a-sbrkr.o)
 .debug_abbrev  0x0000000000003509      0x189 /usr/lib/gcc/arm-none-eabi/10.3.1/../../../arm-none-eabi/lib/thumb/v7-m/nofp/libg_nano.a(lib_a-mlock.o)
 .debug_abbrev  0x0000000000003692      0x191 /usr/lib/gcc/arm-none-eabi/10.3.1/../../../arm-none-eabi/lib/thumb/v7-m/nofp/libg_nano.a(lib_a-nano-msizer.o)

.debug_line     0x0000000000000000     0xb751
 *(.debug_line)
 .debug_line    0x0000000000000000      0x8e3 ./system/src/stm32f1-hal/stm32f1xx_hal.o
 .debug_line    0x00000000000008e3      0xb0f ./system/src/stm32f1-hal/stm32f1xx_hal_cortex.o
 .debug_line    0x00000000000013f2      0xaee ./system/src/stm32f1-hal/stm32f1xx_hal_gpio.o
 .debug_line    0x0000000000001ee0     0x115a ./system/src/stm32f1-hal/stm32f1xx_hal_rcc.o
 .debug_line    0x000000000000303a      0x290 ./system/src/newlib/exit.o
 .debug_line    0x00000000000032ca      0x27a ./system/src/newlib/sbrk.o
 .debug_line    0x0000000000003544      0x4e8 ./system/src/newlib/startup.o
 .debug_line    0x0000000000003a2c      0x32f ./system/src/newlib/syscalls.o
 .debug_line    0x0000000000003d5b      0x865 ./system/src/diag/trace-impl.o
 .debug_line    0x00000000000045c0      0x36d ./system/src/diag/trace.o
 .debug_line    0x000000000000492d      0xa99 ./system/src/cortexm/exception-handlers.o
 .debug_line    0x00000000000053c6      0x5ef ./system/src/cortexm/initialize-hardware.o
 .debug_line    0x00000000000059b5      0x670 ./system/src/cmsis/system_stm32f1xx.o
 .debug_line    0x0000000000006025       0xd8 ./system/src/cmsis/vectors_stm32f103xb.o
 .debug_line    0x00000000000060fd      0x7b3 ./src/DHT11.o
 .debug_line    0x00000000000068b0      0x776 ./src/LCD_4_Bits.o
 .debug_line    0x0000000000007026      0x7ac ./src/initialize-hardware.o
 .debug_line    0x00000000000077d2      0x9b8 ./src/main.o
 .debug_line    0x000000000000818a      0x5df ./src/stm32f1xx_hal_msp.o
 .debug_line    0x0000000000008769      0x6b7 ./src/timer.o
 .debug_line    0x0000000000008e20       0xd4 /usr/lib/gcc/arm-none-eabi/10.3.1/thumb/v7-m/nofp/libgcc.a(_arm_mulsf3.o)
 .debug_line    0x0000000000008ef4      0x11a /usr/lib/gcc/arm-none-eabi/10.3.1/thumb/v7-m/nofp/libgcc.a(_arm_addsubsf3.o)
 .debug_line    0x000000000000900e       0x79 /usr/lib/gcc/arm-none-eabi/10.3.1/thumb/v7-m/nofp/libgcc.a(_arm_fixsfsi.o)
 .debug_line    0x0000000000009087      0x109 /usr/lib/gcc/arm-none-eabi/10.3.1/../../../arm-none-eabi/lib/thumb/v7-m/nofp/libg_nano.a(lib_a-errno.o)
 .debug_line    0x0000000000009190       0xe4 /usr/lib/gcc/arm-none-eabi/10.3.1/../../../arm-none-eabi/lib/thumb/v7-m/nofp/libg_nano.a(lib_a-impure.o)
 .debug_line    0x0000000000009274      0x1bf /usr/lib/gcc/arm-none-eabi/10.3.1/../../../arm-none-eabi/lib/thumb/v7-m/nofp/libg_nano.a(lib_a-memset.o)
 .debug_line    0x0000000000009433      0x333 /usr/lib/gcc/arm-none-eabi/10.3.1/../../../arm-none-eabi/lib/thumb/v7-m/nofp/libg_nano.a(lib_a-vsnprintf.o)
 .debug_line    0x0000000000009766      0x850 /usr/lib/gcc/arm-none-eabi/10.3.1/../../../arm-none-eabi/lib/thumb/v7-m/nofp/libg_nano.a(lib_a-nano-svfprintf.o)
 .debug_line    0x0000000000009fb6      0x75e /usr/lib/gcc/arm-none-eabi/10.3.1/../../../arm-none-eabi/lib/thumb/v7-m/nofp/libg_nano.a(lib_a-nano-vfprintf_i.o)
 .debug_line    0x000000000000a714      0x1d0 /usr/lib/gcc/arm-none-eabi/10.3.1/../../../arm-none-eabi/lib/thumb/v7-m/nofp/libg_nano.a(lib_a-memchr-stub.o)
 .debug_line    0x000000000000a8e4       0xc1 /usr/lib/gcc/arm-none-eabi/10.3.1/../../../arm-none-eabi/lib/thumb/v7-m/nofp/libg_nano.a(lib_a-memcpy.o)
 .debug_line    0x000000000000a9a5      0x206 /usr/lib/gcc/arm-none-eabi/10.3.1/../../../arm-none-eabi/lib/thumb/v7-m/nofp/libg_nano.a(lib_a-memmove.o)
 .debug_line    0x000000000000abab      0x2e5 /usr/lib/gcc/arm-none-eabi/10.3.1/../../../arm-none-eabi/lib/thumb/v7-m/nofp/libg_nano.a(lib_a-nano-freer.o)
 .debug_line    0x000000000000ae90      0x2d6 /usr/lib/gcc/arm-none-eabi/10.3.1/../../../arm-none-eabi/lib/thumb/v7-m/nofp/libg_nano.a(lib_a-nano-mallocr.o)
 .debug_line    0x000000000000b166      0x1c7 /usr/lib/gcc/arm-none-eabi/10.3.1/../../../arm-none-eabi/lib/thumb/v7-m/nofp/libg_nano.a(lib_a-nano-reallocr.o)
 .debug_line    0x000000000000b32d      0x186 /usr/lib/gcc/arm-none-eabi/10.3.1/../../../arm-none-eabi/lib/thumb/v7-m/nofp/libg_nano.a(lib_a-sbrkr.o)
 .debug_line    0x000000000000b4b3      0x13e /usr/lib/gcc/arm-none-eabi/10.3.1/../../../arm-none-eabi/lib/thumb/v7-m/nofp/libg_nano.a(lib_a-mlock.o)
 .debug_line    0x000000000000b5f1      0x160 /usr/lib/gcc/arm-none-eabi/10.3.1/../../../arm-none-eabi/lib/thumb/v7-m/nofp/libg_nano.a(lib_a-nano-msizer.o)

.debug_frame    0x0000000000000000     0x1190
 *(.debug_frame)
 .debug_frame   0x0000000000000000      0x1d0 ./system/src/stm32f1-hal/stm32f1xx_hal.o
 .debug_frame   0x00000000000001d0      0x164 ./system/src/stm32f1-hal/stm32f1xx_hal_cortex.o
 .debug_frame   0x0000000000000334       0xfc ./system/src/stm32f1-hal/stm32f1xx_hal_gpio.o
 .debug_frame   0x0000000000000430      0x1a8 ./system/src/stm32f1-hal/stm32f1xx_hal_rcc.o
 .debug_frame   0x00000000000005d8       0x38 ./system/src/newlib/exit.o
 .debug_frame   0x0000000000000610       0x28 ./system/src/newlib/sbrk.o
 .debug_frame   0x0000000000000638       0x7c ./system/src/newlib/startup.o
 .debug_frame   0x00000000000006b4       0x50 ./system/src/newlib/syscalls.o
 .debug_frame   0x0000000000000704       0x64 ./system/src/diag/trace-impl.o
 .debug_frame   0x0000000000000768       0x94 ./system/src/diag/trace.o
 .debug_frame   0x00000000000007fc      0x158 ./system/src/cortexm/exception-handlers.o
 .debug_frame   0x0000000000000954       0x40 ./system/src/cortexm/initialize-hardware.o
 .debug_frame   0x0000000000000994       0x30 ./system/src/cmsis/system_stm32f1xx.o
 .debug_frame   0x00000000000009c4       0x20 ./system/src/cmsis/vectors_stm32f103xb.o
 .debug_frame   0x00000000000009e4       0xb4 ./src/DHT11.o
 .debug_frame   0x0000000000000a98      0x108 ./src/LCD_4_Bits.o
 .debug_frame   0x0000000000000ba0       0x58 ./src/initialize-hardware.o
 .debug_frame   0x0000000000000bf8      0x100 ./src/main.o
 .debug_frame   0x0000000000000cf8       0x50 ./src/stm32f1xx_hal_msp.o
 .debug_frame   0x0000000000000d48       0x58 ./src/timer.o
 .debug_frame   0x0000000000000da0       0x24 /usr/lib/gcc/arm-none-eabi/10.3.1/thumb/v7-m/nofp/libgcc.a(_arm_mulsf3.o)
 .debug_frame   0x0000000000000dc4       0x4c /usr/lib/gcc/arm-none-eabi/10.3.1/thumb/v7-m/nofp/libgcc.a(_arm_addsubsf3.o)
 .debug_frame   0x0000000000000e10       0x24 /usr/lib/gcc/arm-none-eabi/10.3.1/thumb/v7-m/nofp/libgcc.a(_arm_fixsfsi.o)
 .debug_frame   0x0000000000000e34       0x20 /usr/lib/gcc/arm-none-eabi/10.3.1/../../../arm-none-eabi/lib/thumb/v7-m/nofp/libg_nano.a(lib_a-errno.o)
 .debug_frame   0x0000000000000e54       0x2c /usr/lib/gcc/arm-none-eabi/10.3.1/../../../arm-none-eabi/lib/thumb/v7-m/nofp/libg_nano.a(lib_a-memset.o)
 .debug_frame   0x0000000000000e80       0x60 /usr/lib/gcc/arm-none-eabi/10.3.1/../../../arm-none-eabi/lib/thumb/v7-m/nofp/libg_nano.a(lib_a-vsnprintf.o)
 .debug_frame   0x0000000000000ee0       0x98 /usr/lib/gcc/arm-none-eabi/10.3.1/../../../arm-none-eabi/lib/thumb/v7-m/nofp/libg_nano.a(lib_a-nano-svfprintf.o)
 .debug_frame   0x0000000000000f78       0x68 /usr/lib/gcc/arm-none-eabi/10.3.1/../../../arm-none-eabi/lib/thumb/v7-m/nofp/libg_nano.a(lib_a-nano-vfprintf_i.o)
 .debug_frame   0x0000000000000fe0       0x28 /usr/lib/gcc/arm-none-eabi/10.3.1/../../../arm-none-eabi/lib/thumb/v7-m/nofp/libg_nano.a(lib_a-memchr-stub.o)
 .debug_frame   0x0000000000001008       0x40 /usr/lib/gcc/arm-none-eabi/10.3.1/../../../arm-none-eabi/lib/thumb/v7-m/nofp/libg_nano.a(lib_a-memmove.o)
 .debug_frame   0x0000000000001048       0x64 /usr/lib/gcc/arm-none-eabi/10.3.1/../../../arm-none-eabi/lib/thumb/v7-m/nofp/libg_nano.a(lib_a-nano-freer.o)
 .debug_frame   0x00000000000010ac       0x30 /usr/lib/gcc/arm-none-eabi/10.3.1/../../../arm-none-eabi/lib/thumb/v7-m/nofp/libg_nano.a(lib_a-nano-mallocr.o)
 .debug_frame   0x00000000000010dc       0x38 /usr/lib/gcc/arm-none-eabi/10.3.1/../../../arm-none-eabi/lib/thumb/v7-m/nofp/libg_nano.a(lib_a-nano-reallocr.o)
 .debug_frame   0x0000000000001114       0x2c /usr/lib/gcc/arm-none-eabi/10.3.1/../../../arm-none-eabi/lib/thumb/v7-m/nofp/libg_nano.a(lib_a-sbrkr.o)
 .debug_frame   0x0000000000001140       0x30 /usr/lib/gcc/arm-none-eabi/10.3.1/../../../arm-none-eabi/lib/thumb/v7-m/nofp/libg_nano.a(lib_a-mlock.o)
 .debug_frame   0x0000000000001170       0x20 /usr/lib/gcc/arm-none-eabi/10.3.1/../../../arm-none-eabi/lib/thumb/v7-m/nofp/libg_nano.a(lib_a-nano-msizer.o)

.debug_str      0x0000000000000000    0x9e85d
 *(.debug_str)
 .debug_str     0x0000000000000000    0x95acb ./system/src/stm32f1-hal/stm32f1xx_hal.o
                                      0x95f4b (size before relaxing)
 .debug_str     0x0000000000095acb      0x2bb ./system/src/stm32f1-hal/stm32f1xx_hal_cortex.o
                                      0x95e85 (size before relaxing)
 .debug_str     0x0000000000095d86      0x39d ./system/src/stm32f1-hal/stm32f1xx_hal_gpio.o
                                      0x95b9d (size before relaxing)
 .debug_str     0x0000000000096123      0x371 ./system/src/stm32f1-hal/stm32f1xx_hal_rcc.o
                                      0x95c34 (size before relaxing)
 .debug_str     0x0000000000096494     0x4487 ./system/src/newlib/exit.o
                                       0x757a (size before relaxing)
 .debug_str     0x000000000009a91b      0x4dd ./system/src/newlib/sbrk.o
                                       0x695b (size before relaxing)
 .debug_str     0x000000000009adf8      0x25f ./system/src/newlib/startup.o
                                       0x6291 (size before relaxing)
 .debug_str     0x000000000009b057     0x1363 ./system/src/newlib/syscalls.o
                                       0x7d05 (size before relaxing)
 .debug_str     0x000000000009c3ba      0x387 ./system/src/diag/trace-impl.o
                                      0x98ffd (size before relaxing)
 .debug_str     0x000000000009c741      0x81a ./system/src/diag/trace.o
                                       0x7d01 (size before relaxing)
 .debug_str     0x000000000009cf5b      0x19d ./system/src/cortexm/exception-handlers.o
                                      0x9a037 (size before relaxing)
 .debug_str     0x000000000009d0f8       0x5d ./system/src/cortexm/initialize-hardware.o
                                      0x9584f (size before relaxing)
 .debug_str     0x000000000009d155       0x39 ./system/src/cmsis/system_stm32f1xx.o
                                      0x95814 (size before relaxing)
 .debug_str     0x000000000009d18e       0x59 ./system/src/cmsis/vectors_stm32f103xb.o
                                       0x3815 (size before relaxing)
 .debug_str     0x000000000009d1e7      0x13e ./src/DHT11.o
                                      0x95933 (size before relaxing)
 .debug_str     0x000000000009d325      0x12c ./src/LCD_4_Bits.o
                                      0x95969 (size before relaxing)
 .debug_str     0x000000000009d451       0x30 ./src/initialize-hardware.o
                                      0x98d3f (size before relaxing)
 .debug_str     0x000000000009d481      0x5d7 ./src/main.o
                                      0x960bb (size before relaxing)
 .debug_str     0x000000000009da58       0x3d ./src/stm32f1xx_hal_msp.o
                                      0x9578f (size before relaxing)
 .debug_str     0x000000000009da95       0x76 ./src/timer.o
                                      0x95c3b (size before relaxing)
 .debug_str     0x000000000009db0b       0xa7 /usr/lib/gcc/arm-none-eabi/10.3.1/thumb/v7-m/nofp/libgcc.a(_arm_mulsf3.o)
 .debug_str     0x000000000009dbb2       0xa7 /usr/lib/gcc/arm-none-eabi/10.3.1/thumb/v7-m/nofp/libgcc.a(_arm_addsubsf3.o)
 .debug_str     0x000000000009dbb2       0xa7 /usr/lib/gcc/arm-none-eabi/10.3.1/thumb/v7-m/nofp/libgcc.a(_arm_fixsfsi.o)
 .debug_str     0x000000000009dbb2      0x3f7 /usr/lib/gcc/arm-none-eabi/10.3.1/../../../arm-none-eabi/lib/thumb/v7-m/nofp/libg_nano.a(lib_a-errno.o)
                                        0x4ff (size before relaxing)
 .debug_str     0x000000000009dfa9       0xdb /usr/lib/gcc/arm-none-eabi/10.3.1/../../../arm-none-eabi/lib/thumb/v7-m/nofp/libg_nano.a(lib_a-impure.o)
                                        0x556 (size before relaxing)
 .debug_str     0x000000000009e084       0xa6 /usr/lib/gcc/arm-none-eabi/10.3.1/../../../arm-none-eabi/lib/thumb/v7-m/nofp/libg_nano.a(lib_a-memset.o)
                                        0x1b8 (size before relaxing)
 .debug_str     0x000000000009e12a       0xad /usr/lib/gcc/arm-none-eabi/10.3.1/../../../arm-none-eabi/lib/thumb/v7-m/nofp/libg_nano.a(lib_a-vsnprintf.o)
                                        0x556 (size before relaxing)
 .debug_str     0x000000000009e1d7      0x293 /usr/lib/gcc/arm-none-eabi/10.3.1/../../../arm-none-eabi/lib/thumb/v7-m/nofp/libg_nano.a(lib_a-nano-svfprintf.o)
                                        0x84d (size before relaxing)
 .debug_str     0x000000000009e46a       0x94 /usr/lib/gcc/arm-none-eabi/10.3.1/../../../arm-none-eabi/lib/thumb/v7-m/nofp/libg_nano.a(lib_a-nano-vfprintf_i.o)
                                        0x7e4 (size before relaxing)
 .debug_str     0x000000000009e4fe       0xbe /usr/lib/gcc/arm-none-eabi/10.3.1/../../../arm-none-eabi/lib/thumb/v7-m/nofp/libg_nano.a(lib_a-memchr-stub.o)
                                        0x1d0 (size before relaxing)
 .debug_str     0x000000000009e5bc       0x43 /usr/lib/gcc/arm-none-eabi/10.3.1/../../../arm-none-eabi/lib/thumb/v7-m/nofp/libg_nano.a(lib_a-memcpy.o)
                                         0xb2 (size before relaxing)
 .debug_str     0x000000000009e5ff       0x56 /usr/lib/gcc/arm-none-eabi/10.3.1/../../../arm-none-eabi/lib/thumb/v7-m/nofp/libg_nano.a(lib_a-memmove.o)
                                        0x1d7 (size before relaxing)
 .debug_str     0x000000000009e655      0x112 /usr/lib/gcc/arm-none-eabi/10.3.1/../../../arm-none-eabi/lib/thumb/v7-m/nofp/libg_nano.a(lib_a-nano-freer.o)
                                        0x58d (size before relaxing)
 .debug_str     0x000000000009e767       0x46 /usr/lib/gcc/arm-none-eabi/10.3.1/../../../arm-none-eabi/lib/thumb/v7-m/nofp/libg_nano.a(lib_a-nano-mallocr.o)
                                        0x5b8 (size before relaxing)
 .debug_str     0x000000000009e7ad       0x23 /usr/lib/gcc/arm-none-eabi/10.3.1/../../../arm-none-eabi/lib/thumb/v7-m/nofp/libg_nano.a(lib_a-nano-reallocr.o)
                                        0x577 (size before relaxing)
 .debug_str     0x000000000009e7d0       0x32 /usr/lib/gcc/arm-none-eabi/10.3.1/../../../arm-none-eabi/lib/thumb/v7-m/nofp/libg_nano.a(lib_a-sbrkr.o)
                                        0x50e (size before relaxing)
 .debug_str     0x000000000009e802       0x4c /usr/lib/gcc/arm-none-eabi/10.3.1/../../../arm-none-eabi/lib/thumb/v7-m/nofp/libg_nano.a(lib_a-mlock.o)
                                        0x524 (size before relaxing)
 .debug_str     0x000000000009e84e        0xf /usr/lib/gcc/arm-none-eabi/10.3.1/../../../arm-none-eabi/lib/thumb/v7-m/nofp/libg_nano.a(lib_a-nano-msizer.o)
                                        0x555 (size before relaxing)

.debug_loc      0x0000000000000000     0x4846
 *(.debug_loc)
 .debug_loc     0x0000000000000000      0x130 ./system/src/stm32f1-hal/stm32f1xx_hal.o
 .debug_loc     0x0000000000000130      0x8cd ./system/src/stm32f1-hal/stm32f1xx_hal_cortex.o
 .debug_loc     0x00000000000009fd      0x5a9 ./system/src/stm32f1-hal/stm32f1xx_hal_gpio.o
 .debug_loc     0x0000000000000fa6      0x71c ./system/src/stm32f1-hal/stm32f1xx_hal_rcc.o
 .debug_loc     0x00000000000016c2       0x15 ./system/src/newlib/exit.o
 .debug_loc     0x00000000000016d7       0x97 ./system/src/newlib/sbrk.o
 .debug_loc     0x000000000000176e      0x2de ./system/src/newlib/startup.o
 .debug_loc     0x0000000000001a4c       0x6f ./system/src/newlib/syscalls.o
 .debug_loc     0x0000000000001abb      0x1a3 ./system/src/diag/trace-impl.o
 .debug_loc     0x0000000000001c5e      0x118 ./system/src/diag/trace.o
 .debug_loc     0x0000000000001d76      0x35c ./system/src/cortexm/exception-handlers.o
 .debug_loc     0x00000000000020d2       0xff ./system/src/cmsis/system_stm32f1xx.o
 .debug_loc     0x00000000000021d1      0x146 ./src/DHT11.o
 .debug_loc     0x0000000000002317      0x17e ./src/LCD_4_Bits.o
 .debug_loc     0x0000000000002495       0x64 ./src/initialize-hardware.o
 .debug_loc     0x00000000000024f9       0x63 ./src/timer.o
 .debug_loc     0x000000000000255c      0x22c /usr/lib/gcc/arm-none-eabi/10.3.1/../../../arm-none-eabi/lib/thumb/v7-m/nofp/libg_nano.a(lib_a-memset.o)
 .debug_loc     0x0000000000002788      0x407 /usr/lib/gcc/arm-none-eabi/10.3.1/../../../arm-none-eabi/lib/thumb/v7-m/nofp/libg_nano.a(lib_a-vsnprintf.o)
 .debug_loc     0x0000000000002b8f      0x84a /usr/lib/gcc/arm-none-eabi/10.3.1/../../../arm-none-eabi/lib/thumb/v7-m/nofp/libg_nano.a(lib_a-nano-svfprintf.o)
 .debug_loc     0x00000000000033d9      0x6c8 /usr/lib/gcc/arm-none-eabi/10.3.1/../../../arm-none-eabi/lib/thumb/v7-m/nofp/libg_nano.a(lib_a-nano-vfprintf_i.o)
 .debug_loc     0x0000000000003aa1      0x1f6 /usr/lib/gcc/arm-none-eabi/10.3.1/../../../arm-none-eabi/lib/thumb/v7-m/nofp/libg_nano.a(lib_a-memchr-stub.o)
 .debug_loc     0x0000000000003c97      0x331 /usr/lib/gcc/arm-none-eabi/10.3.1/../../../arm-none-eabi/lib/thumb/v7-m/nofp/libg_nano.a(lib_a-memmove.o)
 .debug_loc     0x0000000000003fc8      0x27f /usr/lib/gcc/arm-none-eabi/10.3.1/../../../arm-none-eabi/lib/thumb/v7-m/nofp/libg_nano.a(lib_a-nano-freer.o)
 .debug_loc     0x0000000000004247      0x3da /usr/lib/gcc/arm-none-eabi/10.3.1/../../../arm-none-eabi/lib/thumb/v7-m/nofp/libg_nano.a(lib_a-nano-mallocr.o)
 .debug_loc     0x0000000000004621      0x133 /usr/lib/gcc/arm-none-eabi/10.3.1/../../../arm-none-eabi/lib/thumb/v7-m/nofp/libg_nano.a(lib_a-nano-reallocr.o)
 .debug_loc     0x0000000000004754       0x6c /usr/lib/gcc/arm-none-eabi/10.3.1/../../../arm-none-eabi/lib/thumb/v7-m/nofp/libg_nano.a(lib_a-sbrkr.o)
 .debug_loc     0x00000000000047c0       0x86 /usr/lib/gcc/arm-none-eabi/10.3.1/../../../arm-none-eabi/lib/thumb/v7-m/nofp/libg_nano.a(lib_a-nano-msizer.o)

.debug_macinfo
 *(.debug_macinfo)

.debug_weaknames
 *(.debug_weaknames)

.debug_funcnames
 *(.debug_funcnames)

.debug_typenames
 *(.debug_typenames)

.debug_varnames
 *(.debug_varnames)
OUTPUT(Stm32.elf elf32-littlearm)
LOAD linker stubs

.debug_ranges   0x0000000000000000      0x748
 .debug_ranges  0x0000000000000000       0xd0 ./system/src/stm32f1-hal/stm32f1xx_hal.o
 .debug_ranges  0x00000000000000d0      0x110 ./system/src/stm32f1-hal/stm32f1xx_hal_cortex.o
 .debug_ranges  0x00000000000001e0       0x48 ./system/src/stm32f1-hal/stm32f1xx_hal_gpio.o
 .debug_ranges  0x0000000000000228       0xa0 ./system/src/stm32f1-hal/stm32f1xx_hal_rcc.o
 .debug_ranges  0x00000000000002c8       0x18 ./system/src/newlib/exit.o
 .debug_ranges  0x00000000000002e0       0x10 ./system/src/newlib/sbrk.o
 .debug_ranges  0x00000000000002f0       0x30 ./system/src/newlib/startup.o
 .debug_ranges  0x0000000000000320       0x20 ./system/src/newlib/syscalls.o
 .debug_ranges  0x0000000000000340       0x38 ./system/src/diag/trace-impl.o
 .debug_ranges  0x0000000000000378       0x28 ./system/src/diag/trace.o
 .debug_ranges  0x00000000000003a0       0x98 ./system/src/cortexm/exception-handlers.o
 .debug_ranges  0x0000000000000438       0x18 ./system/src/cortexm/initialize-hardware.o
 .debug_ranges  0x0000000000000450       0x18 ./system/src/cmsis/system_stm32f1xx.o
 .debug_ranges  0x0000000000000468       0x10 ./system/src/cmsis/vectors_stm32f103xb.o
 .debug_ranges  0x0000000000000478       0x38 ./src/DHT11.o
 .debug_ranges  0x00000000000004b0       0x58 ./src/LCD_4_Bits.o
 .debug_ranges  0x0000000000000508       0x20 ./src/initialize-hardware.o
 .debug_ranges  0x0000000000000528       0x58 ./src/main.o
 .debug_ranges  0x0000000000000580       0x28 ./src/stm32f1xx_hal_msp.o
 .debug_ranges  0x00000000000005a8       0x28 ./src/timer.o
 .debug_ranges  0x00000000000005d0       0x30 /usr/lib/gcc/arm-none-eabi/10.3.1/../../../arm-none-eabi/lib/thumb/v7-m/nofp/libg_nano.a(lib_a-vsnprintf.o)
 .debug_ranges  0x0000000000000600       0x50 /usr/lib/gcc/arm-none-eabi/10.3.1/../../../arm-none-eabi/lib/thumb/v7-m/nofp/libg_nano.a(lib_a-nano-svfprintf.o)
 .debug_ranges  0x0000000000000650       0xa8 /usr/lib/gcc/arm-none-eabi/10.3.1/../../../arm-none-eabi/lib/thumb/v7-m/nofp/libg_nano.a(lib_a-nano-vfprintf_i.o)
 .debug_ranges  0x00000000000006f8       0x18 /usr/lib/gcc/arm-none-eabi/10.3.1/../../../arm-none-eabi/lib/thumb/v7-m/nofp/libg_nano.a(lib_a-nano-freer.o)
 .debug_ranges  0x0000000000000710       0x38 /usr/lib/gcc/arm-none-eabi/10.3.1/../../../arm-none-eabi/lib/thumb/v7-m/nofp/libg_nano.a(lib_a-nano-mallocr.o)

.debug_macro    0x0000000000000000    0x1aece
 .debug_macro   0x0000000000000000      0x29d ./system/src/stm32f1-hal/stm32f1xx_hal.o
 .debug_macro   0x000000000000029d      0xa7e ./system/src/stm32f1-hal/stm32f1xx_hal.o
 .debug_macro   0x0000000000000d1b      0x2c8 ./system/src/stm32f1-hal/stm32f1xx_hal.o
 .debug_macro   0x0000000000000fe3       0x2e ./system/src/stm32f1-hal/stm32f1xx_hal.o
 .debug_macro   0x0000000000001011       0x22 ./system/src/stm32f1-hal/stm32f1xx_hal.o
 .debug_macro   0x0000000000001033      0x34e ./system/src/stm32f1-hal/stm32f1xx_hal.o
 .debug_macro   0x0000000000001381       0x1c ./system/src/stm32f1-hal/stm32f1xx_hal.o
 .debug_macro   0x000000000000139d       0x22 ./system/src/stm32f1-hal/stm32f1xx_hal.o
 .debug_macro   0x00000000000013bf       0xbd ./system/src/stm32f1-hal/stm32f1xx_hal.o
 .debug_macro   0x000000000000147c      0xd23 ./system/src/stm32f1-hal/stm32f1xx_hal.o
 .debug_macro   0x000000000000219f     0xe097 ./system/src/stm32f1-hal/stm32f1xx_hal.o
 .debug_macro   0x0000000000010236       0x43 ./system/src/stm32f1-hal/stm32f1xx_hal.o
 .debug_macro   0x0000000000010279     0x3468 ./system/src/stm32f1-hal/stm32f1xx_hal.o
 .debug_macro   0x00000000000136e1      0x174 ./system/src/stm32f1-hal/stm32f1xx_hal.o
 .debug_macro   0x0000000000013855       0x5c ./system/src/stm32f1-hal/stm32f1xx_hal.o
 .debug_macro   0x00000000000138b1      0x5be ./system/src/stm32f1-hal/stm32f1xx_hal.o
 .debug_macro   0x0000000000013e6f      0x289 ./system/src/stm32f1-hal/stm32f1xx_hal.o
 .debug_macro   0x00000000000140f8      0x1cb ./system/src/stm32f1-hal/stm32f1xx_hal.o
 .debug_macro   0x00000000000142c3      0x114 ./system/src/stm32f1-hal/stm32f1xx_hal.o
 .debug_macro   0x00000000000143d7      0x1b2 ./system/src/stm32f1-hal/stm32f1xx_hal.o
 .debug_macro   0x0000000000014589       0x27 ./system/src/stm32f1-hal/stm32f1xx_hal.o
 .debug_macro   0x00000000000145b0      0x136 ./system/src/stm32f1-hal/stm32f1xx_hal.o
 .debug_macro   0x00000000000146e6      0x1bc ./system/src/stm32f1-hal/stm32f1xx_hal.o
 .debug_macro   0x00000000000148a2       0x34 ./system/src/stm32f1-hal/stm32f1xx_hal.o
 .debug_macro   0x00000000000148d6       0x3c ./system/src/stm32f1-hal/stm32f1xx_hal.o
 .debug_macro   0x0000000000014912      0x408 ./system/src/stm32f1-hal/stm32f1xx_hal.o
 .debug_macro   0x0000000000014d1a       0x57 ./system/src/stm32f1-hal/stm32f1xx_hal.o
 .debug_macro   0x0000000000014d71      0x46a ./system/src/stm32f1-hal/stm32f1xx_hal.o
 .debug_macro   0x00000000000151db      0x1b5 ./system/src/stm32f1-hal/stm32f1xx_hal.o
 .debug_macro   0x0000000000015390       0x22 ./system/src/stm32f1-hal/stm32f1xx_hal.o
 .debug_macro   0x00000000000153b2       0x88 ./system/src/stm32f1-hal/stm32f1xx_hal.o
 .debug_macro   0x000000000001543a      0x241 ./system/src/stm32f1-hal/stm32f1xx_hal.o
 .debug_macro   0x000000000001567b      0x287 ./system/src/stm32f1-hal/stm32f1xx_hal.o
 .debug_macro   0x0000000000015902       0x78 ./system/src/stm32f1-hal/stm32f1xx_hal.o
 .debug_macro   0x000000000001597a      0x141 ./system/src/stm32f1-hal/stm32f1xx_hal.o
 .debug_macro   0x0000000000015abb      0x1ef ./system/src/stm32f1-hal/stm32f1xx_hal.o
 .debug_macro   0x0000000000015caa       0xec ./system/src/stm32f1-hal/stm32f1xx_hal.o
 .debug_macro   0x0000000000015d96      0x217 ./system/src/stm32f1-hal/stm32f1xx_hal.o
 .debug_macro   0x0000000000015fad      0x8d1 ./system/src/stm32f1-hal/stm32f1xx_hal.o
 .debug_macro   0x000000000001687e      0x26b ./system/src/stm32f1-hal/stm32f1xx_hal.o
 .debug_macro   0x0000000000016ae9      0x217 ./system/src/stm32f1-hal/stm32f1xx_hal.o
 .debug_macro   0x0000000000016d00      0x1a7 ./system/src/stm32f1-hal/stm32f1xx_hal.o
 .debug_macro   0x0000000000016ea7      0x2cd ./system/src/stm32f1-hal/stm32f1xx_hal.o
 .debug_macro   0x0000000000017174       0x8d ./system/src/stm32f1-hal/stm32f1xx_hal.o
 .debug_macro   0x0000000000017201       0x65 ./system/src/stm32f1-hal/stm32f1xx_hal.o
 .debug_macro   0x0000000000017266      0x249 ./system/src/stm32f1-hal/stm32f1xx_hal.o
 .debug_macro   0x00000000000174af       0x83 ./system/src/stm32f1-hal/stm32f1xx_hal.o
 .debug_macro   0x0000000000017532      0x279 ./system/src/stm32f1-hal/stm32f1xx_hal_cortex.o
 .debug_macro   0x00000000000177ab      0x2e4 ./system/src/stm32f1-hal/stm32f1xx_hal_gpio.o
 .debug_macro   0x0000000000017a8f      0x28b ./system/src/stm32f1-hal/stm32f1xx_hal_rcc.o
 .debug_macro   0x0000000000017d1a      0x1ae ./system/src/newlib/exit.o
 .debug_macro   0x0000000000017ec8      0x163 ./system/src/newlib/sbrk.o
 .debug_macro   0x000000000001802b       0x10 ./system/src/newlib/sbrk.o
 .debug_macro   0x000000000001803b      0x23b ./system/src/newlib/sbrk.o
 .debug_macro   0x0000000000018276      0x155 ./system/src/newlib/startup.o
 .debug_macro   0x00000000000183cb      0x1ed ./system/src/newlib/syscalls.o
 .debug_macro   0x00000000000185b8       0x1c ./system/src/newlib/syscalls.o
 .debug_macro   0x00000000000185d4       0x10 ./system/src/newlib/syscalls.o
 .debug_macro   0x00000000000185e4       0x10 ./system/src/newlib/syscalls.o
 .debug_macro   0x00000000000185f4       0x10 ./system/src/newlib/syscalls.o
 .debug_macro   0x0000000000018604       0x35 ./system/src/newlib/syscalls.o
 .debug_macro   0x0000000000018639      0x12c ./system/src/newlib/syscalls.o
 .debug_macro   0x0000000000018765       0xce ./system/src/newlib/syscalls.o
 .debug_macro   0x0000000000018833      0x10c ./system/src/newlib/syscalls.o
 .debug_macro   0x000000000001893f      0x189 ./system/src/newlib/syscalls.o
 .debug_macro   0x0000000000018ac8       0x16 ./system/src/newlib/syscalls.o
 .debug_macro   0x0000000000018ade      0x3d9 ./system/src/diag/trace-impl.o
 .debug_macro   0x0000000000018eb7       0x10 ./system/src/diag/trace-impl.o
 .debug_macro   0x0000000000018ec7       0x22 ./system/src/diag/trace-impl.o
 .debug_macro   0x0000000000018ee9      0x1f5 ./system/src/diag/trace.o
 .debug_macro   0x00000000000190de       0x16 ./system/src/diag/trace.o
 .debug_macro   0x00000000000190f4       0x97 ./system/src/diag/trace.o
 .debug_macro   0x000000000001918b       0xfd ./system/src/diag/trace.o
 .debug_macro   0x0000000000019288       0x10 ./system/src/diag/trace.o
 .debug_macro   0x0000000000019298       0x16 ./system/src/diag/trace.o
 .debug_macro   0x00000000000192ae      0x16f ./system/src/diag/trace.o
 .debug_macro   0x000000000001941d       0x4c ./system/src/diag/trace.o
 .debug_macro   0x0000000000019469       0x16 ./system/src/diag/trace.o
 .debug_macro   0x000000000001947f      0x437 ./system/src/cortexm/exception-handlers.o
 .debug_macro   0x00000000000198b6       0x10 ./system/src/cortexm/exception-handlers.o
 .debug_macro   0x00000000000198c6      0x283 ./system/src/cortexm/initialize-hardware.o
 .debug_macro   0x0000000000019b49      0x279 ./system/src/cmsis/system_stm32f1xx.o
 .debug_macro   0x0000000000019dc2       0x2a ./system/src/cmsis/vectors_stm32f103xb.o
 .debug_macro   0x0000000000019dec      0x29f ./src/DHT11.o
 .debug_macro   0x000000000001a08b      0x2c5 ./src/LCD_4_Bits.o
 .debug_macro   0x000000000001a350      0x3be ./src/initialize-hardware.o
 .debug_macro   0x000000000001a70e      0x29b ./src/main.o
 .debug_macro   0x000000000001a9a9      0x279 ./src/stm32f1xx_hal_msp.o
 .debug_macro   0x000000000001ac22      0x29c ./src/timer.o
 .debug_macro   0x000000000001aebe       0x10 ./src/timer.o
